36.73.16.116 - - [06/Oct/2014:20:43:20 +0700] "GET /assets/js/plugins/daterangepicker/moment.min.js HTTP/1.1" 304 - "http://rpl.smkn1purwokerto.sch.id/auth/login" "Mozilla/5.0 (Linux; Android 4.1.2; EG98 Build/JZO54K) AppleWebKit/537.36 (KHTML, like Gecko) Chrome/27.0.1453.90 Mobile Safari/537.36"
36.73.16.116 - - [06/Oct/2014:20:43:20 +0700] "GET /assets/js/plugins/timepicker/bootstrap-timepicker.min.js HTTP/1.1" 304 - "http://rpl.smkn1purwokerto.sch.id/auth/login" "Mozilla/5.0 (Linux; Android 4.1.2; EG98 Build/JZO54K) AppleWebKit/537.36 (KHTML, like Gecko) Chrome/27.0.1453.90 Mobile Safari/537.36"
36.73.16.116 - - [06/Oct/2014:20:43:20 +0700] "GET /assets/js/plugins/colorpicker/bootstrap-colorpicker.js HTTP/1.1" 304 - "http://rpl.smkn1purwokerto.sch.id/auth/login" "Mozilla/5.0 (Linux; Android 4.1.2; EG98 Build/JZO54K) AppleWebKit/537.36 (KHTML, like Gecko) Chrome/27.0.1453.90 Mobile Safari/537.36"
36.73.16.116 - - [06/Oct/2014:20:43:20 +0700] "GET /assets/js/plugins/chosen/chosen.jquery.min.js HTTP/1.1" 304 - "http://rpl.smkn1purwokerto.sch.id/auth/login" "Mozilla/5.0 (Linux; Android 4.1.2; EG98 Build/JZO54K) AppleWebKit/537.36 (KHTML, like Gecko) Chrome/27.0.1453.90 Mobile Safari/537.36"
36.73.16.116 - - [06/Oct/2014:20:43:20 +0700] "GET /assets/js/plugins/multiselect/jquery.multi-select.js HTTP/1.1" 304 - "http://rpl.smkn1purwokerto.sch.id/auth/login" "Mozilla/5.0 (Linux; Android 4.1.2; EG98 Build/JZO54K) AppleWebKit/537.36 (KHTML, like Gecko) Chrome/27.0.1453.90 Mobile Safari/537.36"
36.73.16.116 - - [06/Oct/2014:20:43:20 +0700] "GET /assets/js/plugins/ckeditor/ckeditor.js HTTP/1.1" 304 - "http://rpl.smkn1purwokerto.sch.id/auth/login" "Mozilla/5.0 (Linux; Android 4.1.2; EG98 Build/JZO54K) AppleWebKit/537.36 (KHTML, like Gecko) Chrome/27.0.1453.90 Mobile Safari/537.36"
36.73.16.116 - - [06/Oct/2014:20:43:20 +0700] "GET /assets/js/plugins/plupload/plupload.full.js HTTP/1.1" 304 - "http://rpl.smkn1purwokerto.sch.id/auth/login" "Mozilla/5.0 (Linux; Android 4.1.2; EG98 Build/JZO54K) AppleWebKit/537.36 (KHTML, like Gecko) Chrome/27.0.1453.90 Mobile Safari/537.36"
36.73.16.116 - - [06/Oct/2014:20:43:20 +0700] "GET /assets/js/plugins/plupload/jquery.plupload.queue.js HTTP/1.1" 304 - "http://rpl.smkn1purwokerto.sch.id/auth/login" "Mozilla/5.0 (Linux; Android 4.1.2; EG98 Build/JZO54K) AppleWebKit/537.36 (KHTML, like Gecko) Chrome/27.0.1453.90 Mobile Safari/537.36"
36.73.16.116 - - [06/Oct/2014:20:43:20 +0700] "GET /assets/js/plugins/fileupload/bootstrap-fileupload.min.js HTTP/1.1" 304 - "http://rpl.smkn1purwokerto.sch.id/auth/login" "Mozilla/5.0 (Linux; Android 4.1.2; EG98 Build/JZO54K) AppleWebKit/537.36 (KHTML, like Gecko) Chrome/27.0.1453.90 Mobile Safari/537.36"
36.73.16.116 - - [06/Oct/2014:20:43:20 +0700] "GET /assets/js/plugins/mockjax/jquery.mockjax.js HTTP/1.1" 304 - "http://rpl.smkn1purwokerto.sch.id/auth/login" "Mozilla/5.0 (Linux; Android 4.1.2; EG98 Build/JZO54K) AppleWebKit/537.36 (KHTML, like Gecko) Chrome/27.0.1453.90 Mobile Safari/537.36"
36.73.16.116 - - [06/Oct/2014:20:43:20 +0700] "GET /assets/js/plugins/select2/select2.min.js HTTP/1.1" 304 - "http://rpl.smkn1purwokerto.sch.id/auth/login" "Mozilla/5.0 (Linux; Android 4.1.2; EG98 Build/JZO54K) AppleWebKit/537.36 (KHTML, like Gecko) Chrome/27.0.1453.90 Mobile Safari/537.36"
36.73.16.116 - - [06/Oct/2014:20:43:21 +0700] "GET /assets/js/plugins/icheck/jquery.icheck.min.js HTTP/1.1" 304 - "http://rpl.smkn1purwokerto.sch.id/auth/login" "Mozilla/5.0 (Linux; Android 4.1.2; EG98 Build/JZO54K) AppleWebKit/537.36 (KHTML, like Gecko) Chrome/27.0.1453.90 Mobile Safari/537.36"
36.73.16.116 - - [06/Oct/2014:20:43:21 +0700] "GET /assets/js/plugins/complexify/jquery.complexify-banlist.min.js HTTP/1.1" 304 - "http://rpl.smkn1purwokerto.sch.id/auth/login" "Mozilla/5.0 (Linux; Android 4.1.2; EG98 Build/JZO54K) AppleWebKit/537.36 (KHTML, like Gecko) Chrome/27.0.1453.90 Mobile Safari/537.36"
36.73.16.116 - - [06/Oct/2014:20:43:21 +0700] "GET /assets/js/plugins/complexify/jquery.complexify.min.js HTTP/1.1" 304 - "http://rpl.smkn1purwokerto.sch.id/auth/login" "Mozilla/5.0 (Linux; Android 4.1.2; EG98 Build/JZO54K) AppleWebKit/537.36 (KHTML, like Gecko) Chrome/27.0.1453.90 Mobile Safari/537.36"
36.73.16.116 - - [06/Oct/2014:20:43:23 +0700] "GET /favicon.ico HTTP/1.1" 404 1175 "-" "Mozilla/5.0 (Linux; Android 4.1.2; EG98 Build/JZO54K) AppleWebKit/537.36 (KHTML, like Gecko) Chrome/27.0.1453.90 Mobile Safari/537.36"
114.124.32.254 - - [06/Oct/2014:20:43:54 +0700] "GET /user/data/semua HTTP/1.1" 200 16590 "http://rpl.smkn1purwokerto.sch.id/profil/edit" "Mozilla/5.0 (Windows NT 6.1; rv:32.0) Gecko/20100101 Firefox/32.0"
114.124.32.254 - - [06/Oct/2014:20:43:56 +0700] "GET /statics/uploads/1530534_792661310761621_1620028813_n2.jpg HTTP/1.1" 304 - "http://rpl.smkn1purwokerto.sch.id/user/data/semua" "Mozilla/5.0 (Windows NT 6.1; rv:32.0) Gecko/20100101 Firefox/32.0"
180.254.245.139 - - [06/Oct/2014:20:44:11 +0700] "GET /user/data/semua HTTP/1.1" 200 16492 "http://rpl.smkn1purwokerto.sch.id/" "Mozilla/5.0 (Windows NT 6.1; rv:29.0) Gecko/20100101 Firefox/29.0"
36.73.16.116 - - [06/Oct/2014:20:44:32 +0700] "GET /auth/register HTTP/1.1" 200 11733 "http://rpl.smkn1purwokerto.sch.id/auth/login" "Mozilla/5.0 (Linux; Android 4.1.2; EG98 Build/JZO54K) AppleWebKit/537.36 (KHTML, like Gecko) Chrome/27.0.1453.90 Mobile Safari/537.36"
125.166.227.0 - - [06/Oct/2014:20:44:35 +0700] "GET / HTTP/1.1" 302 - "-" "Mozilla/5.0 (Windows NT 6.2; rv:32.0) Gecko/20100101 Firefox/32.0"
125.166.227.0 - - [06/Oct/2014:20:44:35 +0700] "GET /auth/login HTTP/1.1" 200 8947 "-" "Mozilla/5.0 (Windows NT 6.2; rv:32.0) Gecko/20100101 Firefox/32.0"
125.166.227.0 - - [06/Oct/2014:20:44:35 +0700] "GET /assets/css/bootstrap-responsive.min.css HTTP/1.1" 200 16849 "http://rpl.smkn1purwokerto.sch.id/auth/login" "Mozilla/5.0 (Windows NT 6.2; rv:32.0) Gecko/20100101 Firefox/32.0"
125.166.227.0 - - [06/Oct/2014:20:44:35 +0700] "GET /assets/css/plugins/jquery-ui/smoothness/jquery.ui.theme.css HTTP/1.1" 200 16766 "http://rpl.smkn1purwokerto.sch.id/auth/login" "Mozilla/5.0 (Windows NT 6.2; rv:32.0) Gecko/20100101 Firefox/32.0"
125.166.227.0 - - [06/Oct/2014:20:44:35 +0700] "GET /assets/css/plugins/jquery-ui/smoothness/jquery-ui.css HTTP/1.1" 200 28616 "http://rpl.smkn1purwokerto.sch.id/auth/login" "Mozilla/5.0 (Windows NT 6.2; rv:32.0) Gecko/20100101 Firefox/32.0"
125.166.227.0 - - [06/Oct/2014:20:44:35 +0700] "GET /assets/css/bootstrap.min.css HTTP/1.1" 200 106015 "http://rpl.smkn1purwokerto.sch.id/auth/login" "Mozilla/5.0 (Windows NT 6.2; rv:32.0) Gecko/20100101 Firefox/32.0"
125.166.227.0 - - [06/Oct/2014:20:44:36 +0700] "GET /assets/css/plugins/tagsinput/jquery.tagsinput.css HTTP/1.1" 200 904 "http://rpl.smkn1purwokerto.sch.id/auth/login" "Mozilla/5.0 (Windows NT 6.2; rv:32.0) Gecko/20100101 Firefox/32.0"
125.166.227.0 - - [06/Oct/2014:20:44:36 +0700] "GET /assets/css/plugins/chosen/chosen.css HTTP/1.1" 200 14562 "http://rpl.smkn1purwokerto.sch.id/auth/login" "Mozilla/5.0 (Windows NT 6.2; rv:32.0) Gecko/20100101 Firefox/32.0"
125.166.227.0 - - [06/Oct/2014:20:44:36 +0700] "GET /assets/css/style.css HTTP/1.1" 200 129029 "http://rpl.smkn1purwokerto.sch.id/auth/login" "Mozilla/5.0 (Windows NT 6.2; rv:32.0) Gecko/20100101 Firefox/32.0"
125.166.227.0 - - [06/Oct/2014:20:44:37 +0700] "GET /assets/css/plugins/multiselect/multi-select.css HTTP/1.1" 200 2306 "http://rpl.smkn1purwokerto.sch.id/auth/login" "Mozilla/5.0 (Windows NT 6.2; rv:32.0) Gecko/20100101 Firefox/32.0"
125.166.227.0 - - [06/Oct/2014:20:44:36 +0700] "GET /assets/css/themes.css HTTP/1.1" 200 107120 "http://rpl.smkn1purwokerto.sch.id/auth/login" "Mozilla/5.0 (Windows NT 6.2; rv:32.0) Gecko/20100101 Firefox/32.0"
125.166.227.0 - - [06/Oct/2014:20:44:37 +0700] "GET /assets/css/plugins/timepicker/bootstrap-timepicker.min.css HTTP/1.1" 200 2410 "http://rpl.smkn1purwokerto.sch.id/auth/login" "Mozilla/5.0 (Windows NT 6.2; rv:32.0) Gecko/20100101 Firefox/32.0"
125.166.227.0 - - [06/Oct/2014:20:44:38 +0700] "GET /assets/js/plugins/tagsinput/jquery.tagsinput.min.js HTTP/1.1" 200 6321 "http://rpl.smkn1purwokerto.sch.id/auth/login" "Mozilla/5.0 (Windows NT 6.2; rv:32.0) Gecko/20100101 Firefox/32.0"
125.166.227.0 - - [06/Oct/2014:20:44:38 +0700] "GET /assets/js/plugins/jquery-ui/jquery.ui.resizable.min.js HTTP/1.1" 200 17376 "http://rpl.smkn1purwokerto.sch.id/auth/login" "Mozilla/5.0 (Windows NT 6.2; rv:32.0) Gecko/20100101 Firefox/32.0"
125.166.227.0 - - [06/Oct/2014:20:44:38 +0700] "GET /assets/js/plugins/multiselect/jquery.multi-select.js HTTP/1.1" 200 17368 "http://rpl.smkn1purwokerto.sch.id/auth/login" "Mozilla/5.0 (Windows NT 6.2; rv:32.0) Gecko/20100101 Firefox/32.0"
125.166.227.0 - - [06/Oct/2014:20:44:38 +0700] "GET /assets/css/plugins/icheck/all.css HTTP/1.1" 200 1564 "http://rpl.smkn1purwokerto.sch.id/auth/login" "Mozilla/5.0 (Windows NT 6.2; rv:32.0) Gecko/20100101 Firefox/32.0"
125.166.227.0 - - [06/Oct/2014:20:44:38 +0700] "GET /assets/js/demonstration.min.js HTTP/1.1" 200 23085 "http://rpl.smkn1purwokerto.sch.id/auth/login" "Mozilla/5.0 (Windows NT 6.2; rv:32.0) Gecko/20100101 Firefox/32.0"
125.166.227.0 - - [06/Oct/2014:20:44:38 +0700] "GET /assets/js/plugins/timepicker/bootstrap-timepicker.min.js HTTP/1.1" 200 13981 "http://rpl.smkn1purwokerto.sch.id/auth/login" "Mozilla/5.0 (Windows NT 6.2; rv:32.0) Gecko/20100101 Firefox/32.0"
125.166.227.0 - - [06/Oct/2014:20:44:38 +0700] "GET /assets/js/plugins/jquery-ui/jquery.ui.widget.min.js HTTP/1.1" 200 6555 "http://rpl.smkn1purwokerto.sch.id/auth/login" "Mozilla/5.0 (Windows NT 6.2; rv:32.0) Gecko/20100101 Firefox/32.0"
125.166.227.0 - - [06/Oct/2014:20:44:38 +0700] "GET /assets/js/bootstrap.min.js HTTP/1.1" 200 29433 "http://rpl.smkn1purwokerto.sch.id/auth/login" "Mozilla/5.0 (Windows NT 6.2; rv:32.0) Gecko/20100101 Firefox/32.0"
125.166.227.0 - - [06/Oct/2014:20:44:38 +0700] "GET /assets/js/plugins/touchwipe/touchwipe.min.js HTTP/1.1" 200 1269 "http://rpl.smkn1purwokerto.sch.id/auth/login" "Mozilla/5.0 (Windows NT 6.2; rv:32.0) Gecko/20100101 Firefox/32.0"
125.166.227.0 - - [06/Oct/2014:20:44:38 +0700] "GET /assets/js/plugins/validation/jquery.validate.min.js HTTP/1.1" 200 20886 "http://rpl.smkn1purwokerto.sch.id/auth/login" "Mozilla/5.0 (Windows NT 6.2; rv:32.0) Gecko/20100101 Firefox/32.0"
125.166.227.0 - - [06/Oct/2014:20:44:38 +0700] "GET /assets/css/plugins/datepicker/datepicker.css HTTP/1.1" 200 10218 "http://rpl.smkn1purwokerto.sch.id/auth/login" "Mozilla/5.0 (Windows NT 6.2; rv:32.0) Gecko/20100101 Firefox/32.0"
125.166.227.0 - - [06/Oct/2014:20:44:38 +0700] "GET /assets/js/plugins/daterangepicker/moment.min.js HTTP/1.1" 200 14684 "http://rpl.smkn1purwokerto.sch.id/auth/login" "Mozilla/5.0 (Windows NT 6.2; rv:32.0) Gecko/20100101 Firefox/32.0"
125.166.227.0 - - [06/Oct/2014:20:44:38 +0700] "GET /assets/js/plugins/icheck/jquery.icheck.min.js HTTP/1.1" 200 3938 "http://rpl.smkn1purwokerto.sch.id/auth/login" "Mozilla/5.0 (Windows NT 6.2; rv:32.0) Gecko/20100101 Firefox/32.0"
125.166.227.0 - - [06/Oct/2014:20:44:38 +0700] "GET /assets/js/plugins/daterangepicker/daterangepicker.js HTTP/1.1" 200 29804 "http://rpl.smkn1purwokerto.sch.id/auth/login" "Mozilla/5.0 (Windows NT 6.2; rv:32.0) Gecko/20100101 Firefox/32.0"
125.166.227.0 - - [06/Oct/2014:20:44:39 +0700] "GET /assets/css/plugins/plupload/jquery.plupload.queue.css HTTP/1.1" 200 3987 "http://rpl.smkn1purwokerto.sch.id/auth/login" "Mozilla/5.0 (Windows NT 6.2; rv:32.0) Gecko/20100101 Firefox/32.0"
125.166.227.0 - - [06/Oct/2014:20:44:39 +0700] "GET /assets/js/plugins/fileupload/bootstrap-fileupload.min.js HTTP/1.1" 200 4188 "http://rpl.smkn1purwokerto.sch.id/auth/login" "Mozilla/5.0 (Windows NT 6.2; rv:32.0) Gecko/20100101 Firefox/32.0"
125.166.227.0 - - [06/Oct/2014:20:44:39 +0700] "GET /assets/js/plugins/jquery-ui/jquery.ui.sortable.min.js HTTP/1.1" 200 23692 "http://rpl.smkn1purwokerto.sch.id/auth/login" "Mozilla/5.0 (Windows NT 6.2; rv:32.0) Gecko/20100101 Firefox/32.0"
125.166.227.0 - - [06/Oct/2014:20:44:39 +0700] "GET /assets/js/plugins/maskedinput/jquery.maskedinput.min.js HTTP/1.1" 200 3568 "http://rpl.smkn1purwokerto.sch.id/auth/login" "Mozilla/5.0 (Windows NT 6.2; rv:32.0) Gecko/20100101 Firefox/32.0"
125.166.227.0 - - [06/Oct/2014:20:44:40 +0700] "GET /assets/js/plugins/form/jquery.form.min.js HTTP/1.1" 200 14331 "http://rpl.smkn1purwokerto.sch.id/auth/login" "Mozilla/5.0 (Windows NT 6.2; rv:32.0) Gecko/20100101 Firefox/32.0"
125.166.227.0 - - [06/Oct/2014:20:44:40 +0700] "GET /assets/js/plugins/complexify/jquery.complexify.min.js HTTP/1.1" 200 2086 "http://rpl.smkn1purwokerto.sch.id/auth/login" "Mozilla/5.0 (Windows NT 6.2; rv:32.0) Gecko/20100101 Firefox/32.0"
125.166.227.0 - - [06/Oct/2014:20:44:39 +0700] "GET /assets/css/plugins/select2/select2.css HTTP/1.1" 200 19806 "http://rpl.smkn1purwokerto.sch.id/auth/login" "Mozilla/5.0 (Windows NT 6.2; rv:32.0) Gecko/20100101 Firefox/32.0"
125.166.227.0 - - [06/Oct/2014:20:44:40 +0700] "GET /assets/js/plugins/plupload/jquery.plupload.queue.js HTTP/1.1" 200 6518 "http://rpl.smkn1purwokerto.sch.id/auth/login" "Mozilla/5.0 (Windows NT 6.2; rv:32.0) Gecko/20100101 Firefox/32.0"
125.166.227.0 - - [06/Oct/2014:20:44:40 +0700] "GET /assets/js/plugins/jquery-ui/jquery.ui.mouse.min.js HTTP/1.1" 200 2995 "http://rpl.smkn1purwokerto.sch.id/auth/login" "Mozilla/5.0 (Windows NT 6.2; rv:32.0) Gecko/20100101 Firefox/32.0"
125.166.227.0 - - [06/Oct/2014:20:44:40 +0700] "GET /assets/css/plugins/daterangepicker/daterangepicker.css HTTP/1.1" 200 4644 "http://rpl.smkn1purwokerto.sch.id/auth/login" "Mozilla/5.0 (Windows NT 6.2; rv:32.0) Gecko/20100101 Firefox/32.0"
125.166.227.0 - - [06/Oct/2014:20:44:40 +0700] "GET /assets/js/plugins/colorpicker/bootstrap-colorpicker.js HTTP/1.1" 200 13358 "http://rpl.smkn1purwokerto.sch.id/auth/login" "Mozilla/5.0 (Windows NT 6.2; rv:32.0) Gecko/20100101 Firefox/32.0"
125.166.227.0 - - [06/Oct/2014:20:44:38 +0700] "GET /assets/js/plugins/ckeditor/ckeditor.js HTTP/1.1" 200 454073 "http://rpl.smkn1purwokerto.sch.id/auth/login" "Mozilla/5.0 (Windows NT 6.2; rv:32.0) Gecko/20100101 Firefox/32.0"
125.166.227.0 - - [06/Oct/2014:20:44:40 +0700] "GET /assets/js/plugins/complexify/jquery.complexify-banlist.min.js HTTP/1.1" 200 163 "http://rpl.smkn1purwokerto.sch.id/auth/login" "Mozilla/5.0 (Windows NT 6.2; rv:32.0) Gecko/20100101 Firefox/32.0"
125.166.227.0 - - [06/Oct/2014:20:44:41 +0700] "GET /assets/css/plugins/colorpicker/colorpicker.css HTTP/1.1" 200 2426 "http://rpl.smkn1purwokerto.sch.id/auth/login" "Mozilla/5.0 (Windows NT 6.2; rv:32.0) Gecko/20100101 Firefox/32.0"
125.166.227.0 - - [06/Oct/2014:20:44:41 +0700] "GET /assets/js/plugins/imagesLoaded/jquery.imagesloaded.min.js HTTP/1.1" 200 1046 "http://rpl.smkn1purwokerto.sch.id/auth/login" "Mozilla/5.0 (Windows NT 6.2; rv:32.0) Gecko/20100101 Firefox/32.0"
125.166.227.0 - - [06/Oct/2014:20:44:41 +0700] "GET /assets/js/plugins/validation/additional-methods.min.js HTTP/1.1" 200 10731 "http://rpl.smkn1purwokerto.sch.id/auth/login" "Mozilla/5.0 (Windows NT 6.2; rv:32.0) Gecko/20100101 Firefox/32.0"
125.166.227.0 - - [06/Oct/2014:20:44:41 +0700] "GET /assets/js/plugins/bootbox/jquery.bootbox.js HTTP/1.1" 200 5919 "http://rpl.smkn1purwokerto.sch.id/auth/login" "Mozilla/5.0 (Windows NT 6.2; rv:32.0) Gecko/20100101 Firefox/32.0"
125.166.227.0 - - [06/Oct/2014:20:44:41 +0700] "GET /assets/js/plugins/slimscroll/jquery.slimscroll.min.js HTTP/1.1" 200 4340 "http://rpl.smkn1purwokerto.sch.id/auth/login" "Mozilla/5.0 (Windows NT 6.2; rv:32.0) Gecko/20100101 Firefox/32.0"
125.166.227.0 - - [06/Oct/2014:20:44:41 +0700] "GET /assets/js/plugins/jquery-ui/jquery.ui.core.min.js HTTP/1.1" 200 4356 "http://rpl.smkn1purwokerto.sch.id/auth/login" "Mozilla/5.0 (Windows NT 6.2; rv:32.0) Gecko/20100101 Firefox/32.0"
125.166.227.0 - - [06/Oct/2014:20:44:41 +0700] "GET /assets/js/plugins/select2/select2.min.js HTTP/1.1" 200 41867 "http://rpl.smkn1purwokerto.sch.id/auth/login" "Mozilla/5.0 (Windows NT 6.2; rv:32.0) Gecko/20100101 Firefox/32.0"
125.166.227.0 - - [06/Oct/2014:20:44:42 +0700] "GET /assets/js/plugins/mockjax/jquery.mockjax.js HTTP/1.1" 200 6317 "http://rpl.smkn1purwokerto.sch.id/auth/login" "Mozilla/5.0 (Windows NT 6.2; rv:32.0) Gecko/20100101 Firefox/32.0"
125.166.227.0 - - [06/Oct/2014:20:44:42 +0700] "GET /assets/js/jquery.min.js HTTP/1.1" 200 92629 "http://rpl.smkn1purwokerto.sch.id/auth/login" "Mozilla/5.0 (Windows NT 6.2; rv:32.0) Gecko/20100101 Firefox/32.0"
125.166.227.0 - - [06/Oct/2014:20:44:43 +0700] "GET /assets/js/plugins/nicescroll/jquery.nicescroll.min.js HTTP/1.1" 200 51521 "http://rpl.smkn1purwokerto.sch.id/auth/login" "Mozilla/5.0 (Windows NT 6.2; rv:32.0) Gecko/20100101 Firefox/32.0"
125.166.227.0 - - [06/Oct/2014:20:44:43 +0700] "GET /assets/js/plugins/plupload/plupload.full.js HTTP/1.1" 200 52830 "http://rpl.smkn1purwokerto.sch.id/auth/login" "Mozilla/5.0 (Windows NT 6.2; rv:32.0) Gecko/20100101 Firefox/32.0"
125.166.227.0 - - [06/Oct/2014:20:44:43 +0700] "GET /assets/js/application.min.js HTTP/1.1" 200 19408 "http://rpl.smkn1purwokerto.sch.id/auth/login" "Mozilla/5.0 (Windows NT 6.2; rv:32.0) Gecko/20100101 Firefox/32.0"
125.166.227.0 - - [06/Oct/2014:20:44:43 +0700] "GET /assets/js/plugins/chosen/chosen.jquery.min.js HTTP/1.1" 200 23739 "http://rpl.smkn1purwokerto.sch.id/auth/login" "Mozilla/5.0 (Windows NT 6.2; rv:32.0) Gecko/20100101 Firefox/32.0"
125.166.227.0 - - [06/Oct/2014:20:44:44 +0700] "GET /assets/js/eakroko.min.js HTTP/1.1" 200 10644 "http://rpl.smkn1purwokerto.sch.id/auth/login" "Mozilla/5.0 (Windows NT 6.2; rv:32.0) Gecko/20100101 Firefox/32.0"
125.166.227.0 - - [06/Oct/2014:20:44:44 +0700] "GET /assets/js/plugins/datepicker/bootstrap-datepicker.js HTTP/1.1" 200 31245 "http://rpl.smkn1purwokerto.sch.id/auth/login" "Mozilla/5.0 (Windows NT 6.2; rv:32.0) Gecko/20100101 Firefox/32.0"
125.166.227.0 - - [06/Oct/2014:20:44:44 +0700] "GET /assets/css/plugins/icheck/flat/_all.css HTTP/1.1" 200 13919 "http://rpl.smkn1purwokerto.sch.id/assets/css/plugins/icheck/all.css" "Mozilla/5.0 (Windows NT 6.2; rv:32.0) Gecko/20100101 Firefox/32.0"
125.166.227.0 - - [06/Oct/2014:20:44:44 +0700] "GET /assets/css/plugins/icheck/minimal/_all.css HTTP/1.1" 200 17344 "http://rpl.smkn1purwokerto.sch.id/assets/css/plugins/icheck/all.css" "Mozilla/5.0 (Windows NT 6.2; rv:32.0) Gecko/20100101 Firefox/32.0"
125.166.227.0 - - [06/Oct/2014:20:44:44 +0700] "GET /assets/css/plugins/icheck/square/_all.css HTTP/1.1" 200 17141 "http://rpl.smkn1purwokerto.sch.id/assets/css/plugins/icheck/all.css" "Mozilla/5.0 (Windows NT 6.2; rv:32.0) Gecko/20100101 Firefox/32.0"
125.166.227.0 - - [06/Oct/2014:20:44:45 +0700] "GET /assets/css/plugins/icheck/line/_all.css HTTP/1.1" 200 18326 "http://rpl.smkn1purwokerto.sch.id/assets/css/plugins/icheck/all.css" "Mozilla/5.0 (Windows NT 6.2; rv:32.0) Gecko/20100101 Firefox/32.0"
125.166.227.0 - - [06/Oct/2014:20:44:45 +0700] "GET /assets/css/plugins/icheck/polaris/polaris.css HTTP/1.1" 200 1694 "http://rpl.smkn1purwokerto.sch.id/assets/css/plugins/icheck/all.css" "Mozilla/5.0 (Windows NT 6.2; rv:32.0) Gecko/20100101 Firefox/32.0"
125.166.227.0 - - [06/Oct/2014:20:44:45 +0700] "GET /assets/css/plugins/icheck/futurico/futurico.css HTTP/1.1" 200 1440 "http://rpl.smkn1purwokerto.sch.id/assets/css/plugins/icheck/all.css" "Mozilla/5.0 (Windows NT 6.2; rv:32.0) Gecko/20100101 Firefox/32.0"
125.166.227.0 - - [06/Oct/2014:20:44:40 +0700] "GET /assets/js/plugins/tiny_mce/tinymce.min.js HTTP/1.1" 200 301147 "http://rpl.smkn1purwokerto.sch.id/auth/login" "Mozilla/5.0 (Windows NT 6.2; rv:32.0) Gecko/20100101 Firefox/32.0"
36.73.16.116 - - [06/Oct/2014:20:44:48 +0700] "POST /auth/cekusername HTTP/1.1" 200 1 "http://rpl.smkn1purwokerto.sch.id/auth/register" "Mozilla/5.0 (Linux; Android 4.1.2; EG98 Build/JZO54K) AppleWebKit/537.36 (KHTML, like Gecko) Chrome/27.0.1453.90 Mobile Safari/537.36"
177.54.155.85 - - [06/Oct/2014:20:44:48 +0700] "GET / HTTP/1.1" 302 - "https://www.facebook.com/" "Mozilla/5.0 (X11; Linux x86_64) AppleWebKit/537.36 (KHTML, like Gecko) Chrome/37.0.2062.120 Safari/537.36"
125.166.227.0 - - [06/Oct/2014:20:44:48 +0700] "GET /favicon.ico HTTP/1.1" 404 1175 "-" "Mozilla/5.0 (Windows NT 6.2; rv:32.0) Gecko/20100101 Firefox/32.0"
125.166.227.0 - - [06/Oct/2014:20:44:48 +0700] "GET /favicon.ico HTTP/1.1" 404 1175 "-" "Mozilla/5.0 (Windows NT 6.2; rv:32.0) Gecko/20100101 Firefox/32.0"
125.166.227.0 - - [06/Oct/2014:20:44:53 +0700] "GET /auth/register HTTP/1.1" 200 11733 "http://rpl.smkn1purwokerto.sch.id/auth/login" "Mozilla/5.0 (Windows NT 6.2; rv:32.0) Gecko/20100101 Firefox/32.0"
36.73.16.116 - - [06/Oct/2014:20:45:04 +0700] "POST /auth/cekemail?e=odyarst@gmail.com HTTP/1.1" 200 1 "http://rpl.smkn1purwokerto.sch.id/auth/register" "Mozilla/5.0 (Linux; Android 4.1.2; EG98 Build/JZO54K) AppleWebKit/537.36 (KHTML, like Gecko) Chrome/27.0.1453.90 Mobile Safari/537.36"
125.166.227.0 - - [06/Oct/2014:20:45:06 +0700] "POST /auth/cekusername HTTP/1.1" 200 1 "http://rpl.smkn1purwokerto.sch.id/auth/register" "Mozilla/5.0 (Windows NT 6.2; rv:32.0) Gecko/20100101 Firefox/32.0"
125.166.227.0 - - [06/Oct/2014:20:45:18 +0700] "POST /auth/cekemail?e=hisato.sensei@gmail.com HTTP/1.1" 200 1 "http://rpl.smkn1purwokerto.sch.id/auth/register" "Mozilla/5.0 (Windows NT 6.2; rv:32.0) Gecko/20100101 Firefox/32.0"
180.254.245.139 - - [06/Oct/2014:20:45:52 +0700] "GET /user/data/semua HTTP/1.1" 200 16492 "-" "Mozilla/5.0 (Windows NT 6.1; rv:29.0) Gecko/20100101 Firefox/29.0"
180.254.245.139 - - [06/Oct/2014:20:45:56 +0700] "GET /user/data/nonaktif HTTP/1.1" 200 15563 "http://rpl.smkn1purwokerto.sch.id/user/data/semua" "Mozilla/5.0 (Windows NT 6.1; rv:29.0) Gecko/20100101 Firefox/29.0"
180.254.245.139 - - [06/Oct/2014:20:46:01 +0700] "GET / HTTP/1.1" 200 12188 "http://rpl.smkn1purwokerto.sch.id/user/data/nonaktif" "Mozilla/5.0 (Windows NT 6.1; rv:29.0) Gecko/20100101 Firefox/29.0"
36.73.16.116 - - [06/Oct/2014:20:46:03 +0700] "POST /auth/register HTTP/1.1" 302 - "http://rpl.smkn1purwokerto.sch.id/auth/register" "Mozilla/5.0 (Linux; Android 4.1.2; EG98 Build/JZO54K) AppleWebKit/537.36 (KHTML, like Gecko) Chrome/27.0.1453.90 Mobile Safari/537.36"
36.73.16.116 - - [06/Oct/2014:20:46:03 +0700] "GET /auth/successregister HTTP/1.1" 200 8532 "http://rpl.smkn1purwokerto.sch.id/auth/register" "Mozilla/5.0 (Linux; Android 4.1.2; EG98 Build/JZO54K) AppleWebKit/537.36 (KHTML, like Gecko) Chrome/27.0.1453.90 Mobile Safari/537.36"
125.166.227.0 - - [06/Oct/2014:20:46:04 +0700] "POST /auth/register HTTP/1.1" 302 - "http://rpl.smkn1purwokerto.sch.id/auth/register" "Mozilla/5.0 (Windows NT 6.2; rv:32.0) Gecko/20100101 Firefox/32.0"
125.166.227.0 - - [06/Oct/2014:20:46:04 +0700] "GET /auth/successregister HTTP/1.1" 200 8532 "http://rpl.smkn1purwokerto.sch.id/auth/register" "Mozilla/5.0 (Windows NT 6.2; rv:32.0) Gecko/20100101 Firefox/32.0"
36.73.16.116 - - [06/Oct/2014:20:46:05 +0700] "GET /favicon.ico HTTP/1.1" 404 1175 "-" "Mozilla/5.0 (Linux; Android 4.1.2; EG98 Build/JZO54K) AppleWebKit/537.36 (KHTML, like Gecko) Chrome/27.0.1453.90 Mobile Safari/537.36"
180.254.245.139 - - [06/Oct/2014:20:46:05 +0700] "GET /user/data/semua HTTP/1.1" 200 17441 "http://rpl.smkn1purwokerto.sch.id/" "Mozilla/5.0 (Windows NT 6.1; rv:29.0) Gecko/20100101 Firefox/29.0"
36.73.16.116 - - [06/Oct/2014:20:46:07 +0700] "GET /auth/login HTTP/1.1" 200 8947 "http://rpl.smkn1purwokerto.sch.id/auth/successregister" "Mozilla/5.0 (Linux; Android 4.1.2; EG98 Build/JZO54K) AppleWebKit/537.36 (KHTML, like Gecko) Chrome/27.0.1453.90 Mobile Safari/537.36"
36.73.16.116 - - [06/Oct/2014:20:46:09 +0700] "GET /favicon.ico HTTP/1.1" 404 1175 "-" "Mozilla/5.0 (Linux; Android 4.1.2; EG98 Build/JZO54K) AppleWebKit/537.36 (KHTML, like Gecko) Chrome/27.0.1453.90 Mobile Safari/537.36"
180.254.245.139 - - [06/Oct/2014:20:46:12 +0700] "GET /user/setadmin/3/1 HTTP/1.1" 302 - "http://rpl.smkn1purwokerto.sch.id/user/data/semua" "Mozilla/5.0 (Windows NT 6.1; rv:29.0) Gecko/20100101 Firefox/29.0"
180.254.245.139 - - [06/Oct/2014:20:46:12 +0700] "GET /user/data/semua HTTP/1.1" 200 17445 "http://rpl.smkn1purwokerto.sch.id/user/data/semua" "Mozilla/5.0 (Windows NT 6.1; rv:29.0) Gecko/20100101 Firefox/29.0"
125.166.227.0 - - [06/Oct/2014:20:46:14 +0700] "GET /auth/login HTTP/1.1" 200 8947 "http://rpl.smkn1purwokerto.sch.id/auth/successregister" "Mozilla/5.0 (Windows NT 6.2; rv:32.0) Gecko/20100101 Firefox/32.0"
180.254.245.139 - - [06/Oct/2014:20:46:15 +0700] "GET /user/setadmin/4/1 HTTP/1.1" 302 - "http://rpl.smkn1purwokerto.sch.id/user/data/semua" "Mozilla/5.0 (Windows NT 6.1; rv:29.0) Gecko/20100101 Firefox/29.0"
180.254.245.139 - - [06/Oct/2014:20:46:15 +0700] "GET /user/data/semua HTTP/1.1" 200 17449 "http://rpl.smkn1purwokerto.sch.id/user/data/semua" "Mozilla/5.0 (Windows NT 6.1; rv:29.0) Gecko/20100101 Firefox/29.0"
180.254.245.139 - - [06/Oct/2014:20:46:17 +0700] "GET /user/aktivasi/3/1 HTTP/1.1" 302 - "http://rpl.smkn1purwokerto.sch.id/user/data/semua" "Mozilla/5.0 (Windows NT 6.1; rv:29.0) Gecko/20100101 Firefox/29.0"
180.254.245.139 - - [06/Oct/2014:20:46:17 +0700] "GET /user/aktivasi/3/1 HTTP/1.1" 302 - "http://rpl.smkn1purwokerto.sch.id/user/data/semua" "Mozilla/5.0 (Windows NT 6.1; rv:29.0) Gecko/20100101 Firefox/29.0"
180.254.245.139 - - [06/Oct/2014:20:46:18 +0700] "GET /user/data/semua HTTP/1.1" 200 17447 "http://rpl.smkn1purwokerto.sch.id/user/data/semua" "Mozilla/5.0 (Windows NT 6.1; rv:29.0) Gecko/20100101 Firefox/29.0"
180.254.245.139 - - [06/Oct/2014:20:46:21 +0700] "GET /user/aktivasi/4/1 HTTP/1.1" 302 - "http://rpl.smkn1purwokerto.sch.id/user/data/semua" "Mozilla/5.0 (Windows NT 6.1; rv:29.0) Gecko/20100101 Firefox/29.0"
180.254.245.139 - - [06/Oct/2014:20:46:21 +0700] "GET /user/data/semua HTTP/1.1" 200 17445 "http://rpl.smkn1purwokerto.sch.id/user/data/semua" "Mozilla/5.0 (Windows NT 6.1; rv:29.0) Gecko/20100101 Firefox/29.0"
125.166.227.0 - - [06/Oct/2014:20:46:21 +0700] "POST /auth/login HTTP/1.1" 302 - "http://rpl.smkn1purwokerto.sch.id/auth/login" "Mozilla/5.0 (Windows NT 6.2; rv:32.0) Gecko/20100101 Firefox/32.0"
125.166.227.0 - - [06/Oct/2014:20:46:21 +0700] "GET /home HTTP/1.1" 200 12008 "http://rpl.smkn1purwokerto.sch.id/auth/login" "Mozilla/5.0 (Windows NT 6.2; rv:32.0) Gecko/20100101 Firefox/32.0"
125.166.227.0 - - [06/Oct/2014:20:46:22 +0700] "GET /statics/uploads/none.jpg HTTP/1.1" 200 951 "http://rpl.smkn1purwokerto.sch.id/home" "Mozilla/5.0 (Windows NT 6.2; rv:32.0) Gecko/20100101 Firefox/32.0"
125.166.227.0 - - [06/Oct/2014:20:46:22 +0700] "GET /assets/font/fontawesome-webfont.woff?v=3.2.1 HTTP/1.1" 200 44432 "http://rpl.smkn1purwokerto.sch.id/assets/css/style.css" "Mozilla/5.0 (Windows NT 6.2; rv:32.0) Gecko/20100101 Firefox/32.0"
36.73.16.116 - - [06/Oct/2014:20:46:23 +0700] "POST /auth/login HTTP/1.1" 200 9049 "http://rpl.smkn1purwokerto.sch.id/auth/login" "Mozilla/5.0 (Linux; Android 4.1.2; EG98 Build/JZO54K) AppleWebKit/537.36 (KHTML, like Gecko) Chrome/27.0.1453.90 Mobile Safari/537.36"
36.73.16.116 - - [06/Oct/2014:20:46:25 +0700] "GET /favicon.ico HTTP/1.1" 404 1175 "-" "Mozilla/5.0 (Linux; Android 4.1.2; EG98 Build/JZO54K) AppleWebKit/537.36 (KHTML, like Gecko) Chrome/27.0.1453.90 Mobile Safari/537.36"
36.73.16.116 - - [06/Oct/2014:20:46:55 +0700] "POST /auth/login HTTP/1.1" 200 9049 "http://rpl.smkn1purwokerto.sch.id/auth/login" "Mozilla/5.0 (Linux; Android 4.1.2; EG98 Build/JZO54K) AppleWebKit/537.36 (KHTML, like Gecko) Chrome/27.0.1453.90 Mobile Safari/537.36"
36.73.16.116 - - [06/Oct/2014:20:46:56 +0700] "GET /favicon.ico HTTP/1.1" 404 1175 "-" "Mozilla/5.0 (Linux; Android 4.1.2; EG98 Build/JZO54K) AppleWebKit/537.36 (KHTML, like Gecko) Chrome/27.0.1453.90 Mobile Safari/537.36"
125.166.227.0 - - [06/Oct/2014:20:46:58 +0700] "GET /home HTTP/1.1" 200 12008 "http://rpl.smkn1purwokerto.sch.id/auth/login" "Mozilla/5.0 (Windows NT 6.2; rv:32.0) Gecko/20100101 Firefox/32.0"
125.166.227.0 - - [06/Oct/2014:20:46:58 +0700] "GET /assets/css/plugins/jquery-ui/smoothness/jquery.ui.theme.css HTTP/1.1" 304 - "http://rpl.smkn1purwokerto.sch.id/home" "Mozilla/5.0 (Windows NT 6.2; rv:32.0) Gecko/20100101 Firefox/32.0"
125.166.227.0 - - [06/Oct/2014:20:46:58 +0700] "GET /assets/css/style.css HTTP/1.1" 304 - "http://rpl.smkn1purwokerto.sch.id/home" "Mozilla/5.0 (Windows NT 6.2; rv:32.0) Gecko/20100101 Firefox/32.0"
125.166.227.0 - - [06/Oct/2014:20:46:58 +0700] "GET /assets/css/themes.css HTTP/1.1" 304 - "http://rpl.smkn1purwokerto.sch.id/home" "Mozilla/5.0 (Windows NT 6.2; rv:32.0) Gecko/20100101 Firefox/32.0"
125.166.227.0 - - [06/Oct/2014:20:46:58 +0700] "GET /assets/css/plugins/tagsinput/jquery.tagsinput.css HTTP/1.1" 304 - "http://rpl.smkn1purwokerto.sch.id/home" "Mozilla/5.0 (Windows NT 6.2; rv:32.0) Gecko/20100101 Firefox/32.0"
125.166.227.0 - - [06/Oct/2014:20:46:58 +0700] "GET /assets/css/plugins/chosen/chosen.css HTTP/1.1" 304 - "http://rpl.smkn1purwokerto.sch.id/home" "Mozilla/5.0 (Windows NT 6.2; rv:32.0) Gecko/20100101 Firefox/32.0"
125.166.227.0 - - [06/Oct/2014:20:46:58 +0700] "GET /assets/css/plugins/multiselect/multi-select.css HTTP/1.1" 304 - "http://rpl.smkn1purwokerto.sch.id/home" "Mozilla/5.0 (Windows NT 6.2; rv:32.0) Gecko/20100101 Firefox/32.0"
125.166.227.0 - - [06/Oct/2014:20:46:58 +0700] "GET /assets/css/plugins/timepicker/bootstrap-timepicker.min.css HTTP/1.1" 304 - "http://rpl.smkn1purwokerto.sch.id/home" "Mozilla/5.0 (Windows NT 6.2; rv:32.0) Gecko/20100101 Firefox/32.0"
125.166.227.0 - - [06/Oct/2014:20:46:58 +0700] "GET /assets/css/plugins/colorpicker/colorpicker.css HTTP/1.1" 304 - "http://rpl.smkn1purwokerto.sch.id/home" "Mozilla/5.0 (Windows NT 6.2; rv:32.0) Gecko/20100101 Firefox/32.0"
125.166.227.0 - - [06/Oct/2014:20:46:58 +0700] "GET /assets/css/plugins/daterangepicker/daterangepicker.css HTTP/1.1" 304 - "http://rpl.smkn1purwokerto.sch.id/home" "Mozilla/5.0 (Windows NT 6.2; rv:32.0) Gecko/20100101 Firefox/32.0"
125.166.227.0 - - [06/Oct/2014:20:46:58 +0700] "GET /assets/css/plugins/plupload/jquery.plupload.queue.css HTTP/1.1" 304 - "http://rpl.smkn1purwokerto.sch.id/home" "Mozilla/5.0 (Windows NT 6.2; rv:32.0) Gecko/20100101 Firefox/32.0"
125.166.227.0 - - [06/Oct/2014:20:46:58 +0700] "GET /assets/css/plugins/select2/select2.css HTTP/1.1" 304 - "http://rpl.smkn1purwokerto.sch.id/home" "Mozilla/5.0 (Windows NT 6.2; rv:32.0) Gecko/20100101 Firefox/32.0"
125.166.227.0 - - [06/Oct/2014:20:46:58 +0700] "GET /assets/css/plugins/icheck/all.css HTTP/1.1" 304 - "http://rpl.smkn1purwokerto.sch.id/home" "Mozilla/5.0 (Windows NT 6.2; rv:32.0) Gecko/20100101 Firefox/32.0"
125.166.227.0 - - [06/Oct/2014:20:46:58 +0700] "GET /assets/js/jquery.min.js HTTP/1.1" 304 - "http://rpl.smkn1purwokerto.sch.id/home" "Mozilla/5.0 (Windows NT 6.2; rv:32.0) Gecko/20100101 Firefox/32.0"
125.166.227.0 - - [06/Oct/2014:20:46:58 +0700] "GET /assets/js/plugins/tiny_mce/tinymce.min.js HTTP/1.1" 304 - "http://rpl.smkn1purwokerto.sch.id/home" "Mozilla/5.0 (Windows NT 6.2; rv:32.0) Gecko/20100101 Firefox/32.0"
125.166.227.0 - - [06/Oct/2014:20:46:59 +0700] "GET /assets/js/plugins/nicescroll/jquery.nicescroll.min.js HTTP/1.1" 304 - "http://rpl.smkn1purwokerto.sch.id/home" "Mozilla/5.0 (Windows NT 6.2; rv:32.0) Gecko/20100101 Firefox/32.0"
125.166.227.0 - - [06/Oct/2014:20:46:59 +0700] "GET /assets/js/plugins/touchwipe/touchwipe.min.js HTTP/1.1" 304 - "http://rpl.smkn1purwokerto.sch.id/home" "Mozilla/5.0 (Windows NT 6.2; rv:32.0) Gecko/20100101 Firefox/32.0"
125.166.227.0 - - [06/Oct/2014:20:46:59 +0700] "GET /assets/js/plugins/imagesLoaded/jquery.imagesloaded.min.js HTTP/1.1" 304 - "http://rpl.smkn1purwokerto.sch.id/home" "Mozilla/5.0 (Windows NT 6.2; rv:32.0) Gecko/20100101 Firefox/32.0"
125.166.227.0 - - [06/Oct/2014:20:46:59 +0700] "GET /assets/js/plugins/jquery-ui/jquery.ui.core.min.js HTTP/1.1" 304 - "http://rpl.smkn1purwokerto.sch.id/home" "Mozilla/5.0 (Windows NT 6.2; rv:32.0) Gecko/20100101 Firefox/32.0"
125.166.227.0 - - [06/Oct/2014:20:46:59 +0700] "GET /assets/js/plugins/jquery-ui/jquery.ui.widget.min.js HTTP/1.1" 304 - "http://rpl.smkn1purwokerto.sch.id/home" "Mozilla/5.0 (Windows NT 6.2; rv:32.0) Gecko/20100101 Firefox/32.0"
125.166.227.0 - - [06/Oct/2014:20:46:59 +0700] "GET /assets/js/plugins/jquery-ui/jquery.ui.mouse.min.js HTTP/1.1" 304 - "http://rpl.smkn1purwokerto.sch.id/home" "Mozilla/5.0 (Windows NT 6.2; rv:32.0) Gecko/20100101 Firefox/32.0"
125.166.227.0 - - [06/Oct/2014:20:46:59 +0700] "GET /assets/js/plugins/jquery-ui/jquery.ui.resizable.min.js HTTP/1.1" 304 - "http://rpl.smkn1purwokerto.sch.id/home" "Mozilla/5.0 (Windows NT 6.2; rv:32.0) Gecko/20100101 Firefox/32.0"
125.166.227.0 - - [06/Oct/2014:20:46:59 +0700] "GET /assets/js/plugins/jquery-ui/jquery.ui.sortable.min.js HTTP/1.1" 304 - "http://rpl.smkn1purwokerto.sch.id/home" "Mozilla/5.0 (Windows NT 6.2; rv:32.0) Gecko/20100101 Firefox/32.0"
125.166.227.0 - - [06/Oct/2014:20:46:59 +0700] "GET /assets/js/plugins/slimscroll/jquery.slimscroll.min.js HTTP/1.1" 304 - "http://rpl.smkn1purwokerto.sch.id/home" "Mozilla/5.0 (Windows NT 6.2; rv:32.0) Gecko/20100101 Firefox/32.0"
125.166.227.0 - - [06/Oct/2014:20:46:59 +0700] "GET /assets/js/bootstrap.min.js HTTP/1.1" 304 - "http://rpl.smkn1purwokerto.sch.id/home" "Mozilla/5.0 (Windows NT 6.2; rv:32.0) Gecko/20100101 Firefox/32.0"
125.166.227.0 - - [06/Oct/2014:20:46:59 +0700] "GET /assets/js/plugins/bootbox/jquery.bootbox.js HTTP/1.1" 304 - "http://rpl.smkn1purwokerto.sch.id/home" "Mozilla/5.0 (Windows NT 6.2; rv:32.0) Gecko/20100101 Firefox/32.0"
125.166.227.0 - - [06/Oct/2014:20:46:59 +0700] "GET /assets/js/plugins/form/jquery.form.min.js HTTP/1.1" 304 - "http://rpl.smkn1purwokerto.sch.id/home" "Mozilla/5.0 (Windows NT 6.2; rv:32.0) Gecko/20100101 Firefox/32.0"
125.166.227.0 - - [06/Oct/2014:20:46:59 +0700] "GET /assets/js/plugins/validation/jquery.validate.min.js HTTP/1.1" 304 - "http://rpl.smkn1purwokerto.sch.id/home" "Mozilla/5.0 (Windows NT 6.2; rv:32.0) Gecko/20100101 Firefox/32.0"
125.166.227.0 - - [06/Oct/2014:20:46:59 +0700] "GET /assets/js/plugins/validation/additional-methods.min.js HTTP/1.1" 304 - "http://rpl.smkn1purwokerto.sch.id/home" "Mozilla/5.0 (Windows NT 6.2; rv:32.0) Gecko/20100101 Firefox/32.0"
125.166.227.0 - - [06/Oct/2014:20:46:59 +0700] "GET /assets/js/eakroko.min.js HTTP/1.1" 304 - "http://rpl.smkn1purwokerto.sch.id/home" "Mozilla/5.0 (Windows NT 6.2; rv:32.0) Gecko/20100101 Firefox/32.0"
125.166.227.0 - - [06/Oct/2014:20:46:59 +0700] "GET /assets/js/application.min.js HTTP/1.1" 304 - "http://rpl.smkn1purwokerto.sch.id/home" "Mozilla/5.0 (Windows NT 6.2; rv:32.0) Gecko/20100101 Firefox/32.0"
125.166.227.0 - - [06/Oct/2014:20:46:59 +0700] "GET /assets/js/demonstration.min.js HTTP/1.1" 304 - "http://rpl.smkn1purwokerto.sch.id/home" "Mozilla/5.0 (Windows NT 6.2; rv:32.0) Gecko/20100101 Firefox/32.0"
125.166.227.0 - - [06/Oct/2014:20:46:59 +0700] "GET /assets/js/plugins/tagsinput/jquery.tagsinput.min.js HTTP/1.1" 304 - "http://rpl.smkn1purwokerto.sch.id/home" "Mozilla/5.0 (Windows NT 6.2; rv:32.0) Gecko/20100101 Firefox/32.0"
125.166.227.0 - - [06/Oct/2014:20:46:59 +0700] "GET /assets/js/plugins/maskedinput/jquery.maskedinput.min.js HTTP/1.1" 304 - "http://rpl.smkn1purwokerto.sch.id/home" "Mozilla/5.0 (Windows NT 6.2; rv:32.0) Gecko/20100101 Firefox/32.0"
125.166.227.0 - - [06/Oct/2014:20:46:59 +0700] "GET /assets/js/plugins/datepicker/bootstrap-datepicker.js HTTP/1.1" 304 - "http://rpl.smkn1purwokerto.sch.id/home" "Mozilla/5.0 (Windows NT 6.2; rv:32.0) Gecko/20100101 Firefox/32.0"
125.166.227.0 - - [06/Oct/2014:20:46:59 +0700] "GET /assets/js/plugins/daterangepicker/daterangepicker.js HTTP/1.1" 304 - "http://rpl.smkn1purwokerto.sch.id/home" "Mozilla/5.0 (Windows NT 6.2; rv:32.0) Gecko/20100101 Firefox/32.0"
125.166.227.0 - - [06/Oct/2014:20:46:59 +0700] "GET /assets/js/plugins/daterangepicker/moment.min.js HTTP/1.1" 304 - "http://rpl.smkn1purwokerto.sch.id/home" "Mozilla/5.0 (Windows NT 6.2; rv:32.0) Gecko/20100101 Firefox/32.0"
125.166.227.0 - - [06/Oct/2014:20:46:59 +0700] "GET /assets/js/plugins/timepicker/bootstrap-timepicker.min.js HTTP/1.1" 304 - "http://rpl.smkn1purwokerto.sch.id/home" "Mozilla/5.0 (Windows NT 6.2; rv:32.0) Gecko/20100101 Firefox/32.0"
125.166.227.0 - - [06/Oct/2014:20:46:59 +0700] "GET /assets/js/plugins/colorpicker/bootstrap-colorpicker.js HTTP/1.1" 304 - "http://rpl.smkn1purwokerto.sch.id/home" "Mozilla/5.0 (Windows NT 6.2; rv:32.0) Gecko/20100101 Firefox/32.0"
125.166.227.0 - - [06/Oct/2014:20:46:59 +0700] "GET /assets/js/plugins/chosen/chosen.jquery.min.js HTTP/1.1" 304 - "http://rpl.smkn1purwokerto.sch.id/home" "Mozilla/5.0 (Windows NT 6.2; rv:32.0) Gecko/20100101 Firefox/32.0"
125.166.227.0 - - [06/Oct/2014:20:46:59 +0700] "GET /assets/js/plugins/multiselect/jquery.multi-select.js HTTP/1.1" 304 - "http://rpl.smkn1purwokerto.sch.id/home" "Mozilla/5.0 (Windows NT 6.2; rv:32.0) Gecko/20100101 Firefox/32.0"
125.166.227.0 - - [06/Oct/2014:20:46:59 +0700] "GET /assets/js/plugins/ckeditor/ckeditor.js HTTP/1.1" 304 - "http://rpl.smkn1purwokerto.sch.id/home" "Mozilla/5.0 (Windows NT 6.2; rv:32.0) Gecko/20100101 Firefox/32.0"
125.166.227.0 - - [06/Oct/2014:20:46:59 +0700] "GET /assets/js/plugins/plupload/plupload.full.js HTTP/1.1" 304 - "http://rpl.smkn1purwokerto.sch.id/home" "Mozilla/5.0 (Windows NT 6.2; rv:32.0) Gecko/20100101 Firefox/32.0"
125.166.227.0 - - [06/Oct/2014:20:46:59 +0700] "GET /assets/js/plugins/plupload/jquery.plupload.queue.js HTTP/1.1" 304 - "http://rpl.smkn1purwokerto.sch.id/home" "Mozilla/5.0 (Windows NT 6.2; rv:32.0) Gecko/20100101 Firefox/32.0"
125.166.227.0 - - [06/Oct/2014:20:47:00 +0700] "GET /assets/js/plugins/fileupload/bootstrap-fileupload.min.js HTTP/1.1" 304 - "http://rpl.smkn1purwokerto.sch.id/home" "Mozilla/5.0 (Windows NT 6.2; rv:32.0) Gecko/20100101 Firefox/32.0"
125.166.227.0 - - [06/Oct/2014:20:47:00 +0700] "GET /assets/js/plugins/mockjax/jquery.mockjax.js HTTP/1.1" 304 - "http://rpl.smkn1purwokerto.sch.id/home" "Mozilla/5.0 (Windows NT 6.2; rv:32.0) Gecko/20100101 Firefox/32.0"
125.166.227.0 - - [06/Oct/2014:20:47:00 +0700] "GET /assets/js/plugins/select2/select2.min.js HTTP/1.1" 304 - "http://rpl.smkn1purwokerto.sch.id/home" "Mozilla/5.0 (Windows NT 6.2; rv:32.0) Gecko/20100101 Firefox/32.0"
125.166.227.0 - - [06/Oct/2014:20:47:00 +0700] "GET /assets/js/plugins/icheck/jquery.icheck.min.js HTTP/1.1" 304 - "http://rpl.smkn1purwokerto.sch.id/home" "Mozilla/5.0 (Windows NT 6.2; rv:32.0) Gecko/20100101 Firefox/32.0"
125.166.227.0 - - [06/Oct/2014:20:47:00 +0700] "GET /assets/css/bootstrap.min.css HTTP/1.1" 304 - "http://rpl.smkn1purwokerto.sch.id/home" "Mozilla/5.0 (Windows NT 6.2; rv:32.0) Gecko/20100101 Firefox/32.0"
125.166.227.0 - - [06/Oct/2014:20:47:00 +0700] "GET /assets/css/bootstrap-responsive.min.css HTTP/1.1" 304 - "http://rpl.smkn1purwokerto.sch.id/home" "Mozilla/5.0 (Windows NT 6.2; rv:32.0) Gecko/20100101 Firefox/32.0"
125.166.227.0 - - [06/Oct/2014:20:47:00 +0700] "GET /assets/css/plugins/jquery-ui/smoothness/jquery-ui.css HTTP/1.1" 304 - "http://rpl.smkn1purwokerto.sch.id/home" "Mozilla/5.0 (Windows NT 6.2; rv:32.0) Gecko/20100101 Firefox/32.0"
125.166.227.0 - - [06/Oct/2014:20:47:00 +0700] "GET /assets/css/plugins/datepicker/datepicker.css HTTP/1.1" 304 - "http://rpl.smkn1purwokerto.sch.id/home" "Mozilla/5.0 (Windows NT 6.2; rv:32.0) Gecko/20100101 Firefox/32.0"
125.166.227.0 - - [06/Oct/2014:20:47:00 +0700] "GET /assets/js/plugins/complexify/jquery.complexify-banlist.min.js HTTP/1.1" 304 - "http://rpl.smkn1purwokerto.sch.id/home" "Mozilla/5.0 (Windows NT 6.2; rv:32.0) Gecko/20100101 Firefox/32.0"
125.166.227.0 - - [06/Oct/2014:20:47:00 +0700] "GET /assets/js/plugins/complexify/jquery.complexify.min.js HTTP/1.1" 304 - "http://rpl.smkn1purwokerto.sch.id/home" "Mozilla/5.0 (Windows NT 6.2; rv:32.0) Gecko/20100101 Firefox/32.0"
125.166.227.0 - - [06/Oct/2014:20:47:00 +0700] "GET /assets/css/plugins/icheck/square/_all.css HTTP/1.1" 304 - "http://rpl.smkn1purwokerto.sch.id/assets/css/plugins/icheck/all.css" "Mozilla/5.0 (Windows NT 6.2; rv:32.0) Gecko/20100101 Firefox/32.0"
125.166.227.0 - - [06/Oct/2014:20:47:00 +0700] "GET /assets/css/plugins/icheck/flat/_all.css HTTP/1.1" 304 - "http://rpl.smkn1purwokerto.sch.id/assets/css/plugins/icheck/all.css" "Mozilla/5.0 (Windows NT 6.2; rv:32.0) Gecko/20100101 Firefox/32.0"
125.166.227.0 - - [06/Oct/2014:20:47:00 +0700] "GET /assets/css/plugins/icheck/minimal/_all.css HTTP/1.1" 304 - "http://rpl.smkn1purwokerto.sch.id/assets/css/plugins/icheck/all.css" "Mozilla/5.0 (Windows NT 6.2; rv:32.0) Gecko/20100101 Firefox/32.0"
125.166.227.0 - - [06/Oct/2014:20:47:00 +0700] "GET /assets/css/plugins/icheck/line/_all.css HTTP/1.1" 304 - "http://rpl.smkn1purwokerto.sch.id/assets/css/plugins/icheck/all.css" "Mozilla/5.0 (Windows NT 6.2; rv:32.0) Gecko/20100101 Firefox/32.0"
125.166.227.0 - - [06/Oct/2014:20:47:00 +0700] "GET /assets/css/plugins/icheck/polaris/polaris.css HTTP/1.1" 304 - "http://rpl.smkn1purwokerto.sch.id/assets/css/plugins/icheck/all.css" "Mozilla/5.0 (Windows NT 6.2; rv:32.0) Gecko/20100101 Firefox/32.0"
125.166.227.0 - - [06/Oct/2014:20:47:00 +0700] "GET /assets/css/plugins/icheck/futurico/futurico.css HTTP/1.1" 304 - "http://rpl.smkn1purwokerto.sch.id/assets/css/plugins/icheck/all.css" "Mozilla/5.0 (Windows NT 6.2; rv:32.0) Gecko/20100101 Firefox/32.0"
125.166.227.0 - - [06/Oct/2014:20:47:00 +0700] "GET /assets/js/plugins/tagsinput/jquery.tagsinput.min.js HTTP/1.1" 304 - "http://rpl.smkn1purwokerto.sch.id/home" "Mozilla/5.0 (Windows NT 6.2; rv:32.0) Gecko/20100101 Firefox/32.0"
125.166.227.0 - - [06/Oct/2014:20:47:01 +0700] "GET /assets/js/plugins/mockjax/jquery.mockjax.js HTTP/1.1" 304 - "http://rpl.smkn1purwokerto.sch.id/home" "Mozilla/5.0 (Windows NT 6.2; rv:32.0) Gecko/20100101 Firefox/32.0"
125.166.227.0 - - [06/Oct/2014:20:47:01 +0700] "GET /statics/uploads/none.jpg HTTP/1.1" 304 - "http://rpl.smkn1purwokerto.sch.id/home" "Mozilla/5.0 (Windows NT 6.2; rv:32.0) Gecko/20100101 Firefox/32.0"
125.166.227.0 - - [06/Oct/2014:20:47:12 +0700] "GET /profil/edit HTTP/1.1" 200 23268 "http://rpl.smkn1purwokerto.sch.id/home" "Mozilla/5.0 (Windows NT 6.2; rv:32.0) Gecko/20100101 Firefox/32.0"
125.166.227.0 - - [06/Oct/2014:20:47:12 +0700] "GET /assets/img/plugins/icheck/square/blue.png HTTP/1.1" 200 5246 "http://rpl.smkn1purwokerto.sch.id/assets/css/plugins/icheck/square/_all.css" "Mozilla/5.0 (Windows NT 6.2; rv:32.0) Gecko/20100101 Firefox/32.0"
125.166.227.0 - - [06/Oct/2014:20:47:12 +0700] "GET /assets/js/plugins/tiny_mce/themes/modern/theme.min.js HTTP/1.1" 200 6419 "http://rpl.smkn1purwokerto.sch.id/profil/edit" "Mozilla/5.0 (Windows NT 6.2; rv:32.0) Gecko/20100101 Firefox/32.0"
125.166.227.0 - - [06/Oct/2014:20:47:13 +0700] "GET /assets/js/plugins/tiny_mce/skins/lightgray/skin.min.css HTTP/1.1" 200 35114 "http://rpl.smkn1purwokerto.sch.id/profil/edit" "Mozilla/5.0 (Windows NT 6.2; rv:32.0) Gecko/20100101 Firefox/32.0"
125.166.227.0 - - [06/Oct/2014:20:47:13 +0700] "GET /assets/js/plugins/tiny_mce/skins/lightgray/content.min.css HTTP/1.1" 200 1520 "http://rpl.smkn1purwokerto.sch.id/profil/edit" "Mozilla/5.0 (Windows NT 6.2; rv:32.0) Gecko/20100101 Firefox/32.0"
125.166.227.0 - - [06/Oct/2014:20:47:13 +0700] "GET /assets/js/plugins/tiny_mce/skins/lightgray/fonts/tinymce.woff HTTP/1.1" 200 7664 "http://rpl.smkn1purwokerto.sch.id/assets/js/plugins/tiny_mce/skins/lightgray/skin.min.css" "Mozilla/5.0 (Windows NT 6.2; rv:32.0) Gecko/20100101 Firefox/32.0"
36.73.16.116 - - [06/Oct/2014:20:47:17 +0700] "POST /auth/login HTTP/1.1" 200 9049 "http://rpl.smkn1purwokerto.sch.id/auth/login" "Mozilla/5.0 (Linux; Android 4.1.2; EG98 Build/JZO54K) AppleWebKit/537.36 (KHTML, like Gecko) Chrome/27.0.1453.90 Mobile Safari/537.36"
36.73.16.116 - - [06/Oct/2014:20:47:19 +0700] "GET /favicon.ico HTTP/1.1" 404 1175 "-" "Mozilla/5.0 (Linux; Android 4.1.2; EG98 Build/JZO54K) AppleWebKit/537.36 (KHTML, like Gecko) Chrome/27.0.1453.90 Mobile Safari/537.36"
125.166.227.0 - - [06/Oct/2014:20:47:41 +0700] "GET /post/addnew HTTP/1.1" 200 14664 "http://rpl.smkn1purwokerto.sch.id/profil/edit" "Mozilla/5.0 (Windows NT 6.2; rv:32.0) Gecko/20100101 Firefox/32.0"
180.254.245.139 - - [06/Oct/2014:20:47:48 +0700] "GET /user/data/semua HTTP/1.1" 200 17445 "-" "Mozilla/5.0 (Windows NT 6.1; rv:29.0) Gecko/20100101 Firefox/29.0"
180.254.245.139 - - [06/Oct/2014:20:47:53 +0700] "GET / HTTP/1.1" 200 12188 "http://rpl.smkn1purwokerto.sch.id/user/data/semua" "Mozilla/5.0 (Windows NT 6.1; rv:29.0) Gecko/20100101 Firefox/29.0"
125.166.227.0 - - [06/Oct/2014:20:47:54 +0700] "GET / HTTP/1.1" 200 12008 "http://rpl.smkn1purwokerto.sch.id/post/addnew" "Mozilla/5.0 (Windows NT 6.2; rv:32.0) Gecko/20100101 Firefox/32.0"
125.166.227.0 - - [06/Oct/2014:20:48:02 +0700] "GET /profil/edit HTTP/1.1" 200 23268 "http://rpl.smkn1purwokerto.sch.id/" "Mozilla/5.0 (Windows NT 6.2; rv:32.0) Gecko/20100101 Firefox/32.0"
180.254.245.139 - - [06/Oct/2014:20:50:21 +0700] "GET /user/data/aktif HTTP/1.1" 200 17445 "http://rpl.smkn1purwokerto.sch.id/" "Mozilla/5.0 (Windows NT 6.1; rv:29.0) Gecko/20100101 Firefox/29.0"
114.124.32.254 - - [06/Oct/2014:20:51:59 +0700] "GET / HTTP/1.1" 200 11723 "http://rpl.smkn1purwokerto.sch.id/user/data/semua" "Mozilla/5.0 (Windows NT 6.1; rv:32.0) Gecko/20100101 Firefox/32.0"
114.124.32.254 - - [06/Oct/2014:20:52:00 +0700] "GET /statics/uploads/1530534_792661310761621_1620028813_n2.jpg HTTP/1.1" 200 21482 "http://rpl.smkn1purwokerto.sch.id/" "Mozilla/5.0 (Windows NT 6.1; rv:32.0) Gecko/20100101 Firefox/32.0"
114.124.32.254 - - [06/Oct/2014:20:52:01 +0700] "GET /user/data/angkatan HTTP/1.1" 200 12603 "http://rpl.smkn1purwokerto.sch.id/" "Mozilla/5.0 (Windows NT 6.1; rv:32.0) Gecko/20100101 Firefox/32.0"
180.254.245.139 - - [06/Oct/2014:20:53:03 +0700] "GET /acunetix-wvs-test-for-some-inexistent-file HTTP/1.1" 404 1175 "-" "Mozilla/5.0 (compatible; MSIE 9.0; Windows NT 6.1; WOW64; Trident/5.0)"
180.254.245.139 - - [06/Oct/2014:20:53:03 +0700] "GET / HTTP/1.1" 302 - "-" "Mozilla/5.0 (compatible; MSIE 9.0; Windows NT 6.1; WOW64; Trident/5.0)"
180.254.245.139 - - [06/Oct/2014:20:53:07 +0700] "GET / HTTP/1.1" 302 - "-" "Mozilla/5.0 (compatible; MSIE 9.0; Windows NT 6.1; WOW64; Trident/5.0)"
180.254.245.139 - - [06/Oct/2014:20:53:07 +0700] "GET / HTTP/1.1" 302 - "-" "Mozilla/5.0 (compatible; MSIE 9.0; Windows NT 6.1; WOW64; Trident/5.0)"
180.254.245.139 - - [06/Oct/2014:20:53:07 +0700] "GET /auth/login HTTP/1.1" 200 8947 "-" "Mozilla/5.0 (compatible; MSIE 9.0; Windows NT 6.1; WOW64; Trident/5.0)"
180.254.245.139 - - [06/Oct/2014:20:53:07 +0700] "GET /auth/login HTTP/1.1" 200 8947 "-" "Mozilla/5.0 (compatible; MSIE 9.0; Windows NT 6.1; WOW64; Trident/5.0)"
180.254.245.139 - - [06/Oct/2014:20:53:07 +0700] "GET /VrC1ARuH HTTP/1.1" 404 1175 "-" "Mozilla/5.0 (compatible; MSIE 9.0; Windows NT 6.1; WOW64; Trident/5.0)"
180.254.245.139 - - [06/Oct/2014:20:53:07 +0700] "GET /XhfPO41S HTTP/1.1" 404 1175 "-" "Mozilla/5.0 (compatible; MSIE 9.0; Windows NT 6.1; WOW64; Trident/5.0)"
180.254.245.139 - - [06/Oct/2014:20:53:08 +0700] "GET /HavJWTAf HTTP/1.1" 404 1175 "-" "Mozilla/5.0 (compatible; MSIE 9.0; Windows NT 6.1; WOW64; Trident/5.0)"
180.254.245.139 - - [06/Oct/2014:20:53:10 +0700] "GET / HTTP/1.1" 302 - "-" "Mozilla/5.0 (compatible; MSIE 9.0; Windows NT 6.1; WOW64; Trident/5.0)"
180.254.245.139 - - [06/Oct/2014:20:53:10 +0700] "GET /auth/login HTTP/1.1" 200 8947 "-" "Mozilla/5.0 (compatible; MSIE 9.0; Windows NT 6.1; WOW64; Trident/5.0)"
180.254.245.139 - - [06/Oct/2014:20:53:11 +0700] "GET /FN6eDiiB HTTP/1.1" 404 1175 "-" "Mozilla/5.0 (compatible; MSIE 9.0; Windows NT 6.1; WOW64; Trident/5.0)"
180.254.245.139 - - [06/Oct/2014:20:53:11 +0700] "GET /TKLEGXAT HTTP/1.1" 404 1175 "-" "Mozilla/5.0 (compatible; MSIE 9.0; Windows NT 6.1; WOW64; Trident/5.0)"
180.254.245.139 - - [06/Oct/2014:20:53:12 +0700] "GET /O09K7Zrm HTTP/1.1" 404 1175 "-" "Mozilla/5.0 (compatible; MSIE 9.0; Windows NT 6.1; WOW64; Trident/5.0)"
180.254.245.139 - - [06/Oct/2014:20:53:12 +0700] "GET / HTTP/1.1" 302 - "-" "Mozilla/5.0 (compatible; MSIE 9.0; Windows NT 6.1; WOW64; Trident/5.0)"
180.254.245.139 - - [06/Oct/2014:20:53:12 +0700] "GET /WebResource.axd?d=Fp8YzdpT HTTP/1.1" 404 1175 "-" "Mozilla/5.0 (compatible; MSIE 9.0; Windows NT 6.1; WOW64; Trident/5.0)"
180.254.245.139 - - [06/Oct/2014:20:53:12 +0700] "GET / HTTP/1.1" 417 485 "-" "Mozilla/5.0 (compatible; MSIE 9.0; Windows NT 6.1; WOW64; Trident/5.0)"
180.254.245.139 - - [06/Oct/2014:20:53:12 +0700] "GET /|~.aspx HTTP/1.1" 400 1179 "-" "Mozilla/5.0 (compatible; MSIE 9.0; Windows NT 6.1; WOW64; Trident/5.0)"
180.254.245.139 - - [06/Oct/2014:20:53:13 +0700] "GET /index HTTP/1.1" 404 1175 "-" "Mozilla/5.0 (compatible; MSIE 9.0; Windows NT 6.1; WOW64; Trident/5.0)"
180.254.245.139 - - [06/Oct/2014:20:53:13 +0700] "GET /favicon.ico HTTP/1.1" 404 1175 "-" "Mozilla/5.0 (compatible; MSIE 9.0; Windows NT 6.1; WOW64; Trident/5.0)"
180.254.245.139 - - [06/Oct/2014:20:53:13 +0700] "GET /robots.txt HTTP/1.1" 404 1175 "-" "Mozilla/5.0 (compatible; MSIE 9.0; Windows NT 6.1; WOW64; Trident/5.0)"
180.254.245.139 - - [06/Oct/2014:20:53:13 +0700] "GET /server-info HTTP/1.1" 404 1175 "-" "Mozilla/5.0 (compatible; MSIE 9.0; Windows NT 6.1; WOW64; Trident/5.0)"
180.254.245.139 - - [06/Oct/2014:20:53:13 +0700] "POST /console/j_security_check HTTP/1.1" 404 1175 "-" "Mozilla/5.0 (compatible; MSIE 9.0; Windows NT 6.1; WOW64; Trident/5.0)"
180.254.245.139 - - [06/Oct/2014:20:53:13 +0700] "GET /Account/Register.aspx?ReturnUrl= HTTP/1.1" 404 1175 "-" "Mozilla/5.0 (compatible; MSIE 9.0; Windows NT 6.1; WOW64; Trident/5.0)"
180.254.245.139 - - [06/Oct/2014:20:53:13 +0700] "GET /auth/login HTTP/1.1" 200 8947 "http://rpl.smkn1purwokerto.sch.id/" "Mozilla/5.0 (compatible; MSIE 9.0; Windows NT 6.1; WOW64; Trident/5.0)"
180.254.245.139 - - [06/Oct/2014:20:53:13 +0700] "GET /auth HTTP/1.1" 404 1175 "-" "Mozilla/5.0 (compatible; MSIE 9.0; Windows NT 6.1; WOW64; Trident/5.0)"
