180.254.245.139 - - [06/Oct/2014:20:27:24 +0700] "GET /assets/js/plugins/complexify/jquery.complexify.min.js HTTP/1.1" 200 2086 "http://rpl.smkn1purwokerto.sch.id/auth/login" "Mozilla/5.0 (Windows NT 6.1; rv:29.0) Gecko/20100101 Firefox/29.0"
180.254.245.139 - - [06/Oct/2014:20:27:25 +0700] "GET /assets/js/plugins/colorpicker/bootstrap-colorpicker.js HTTP/1.1" 200 13358 "http://rpl.smkn1purwokerto.sch.id/auth/login" "Mozilla/5.0 (Windows NT 6.1; rv:29.0) Gecko/20100101 Firefox/29.0"
180.254.245.139 - - [06/Oct/2014:20:27:25 +0700] "GET /assets/js/plugins/jquery-ui/jquery.ui.core.min.js HTTP/1.1" 200 4356 "http://rpl.smkn1purwokerto.sch.id/auth/login" "Mozilla/5.0 (Windows NT 6.1; rv:29.0) Gecko/20100101 Firefox/29.0"
180.254.245.139 - - [06/Oct/2014:20:27:24 +0700] "GET /assets/css/plugins/select2/select2.css HTTP/1.1" 200 19806 "http://rpl.smkn1purwokerto.sch.id/auth/login" "Mozilla/5.0 (Windows NT 6.1; rv:29.0) Gecko/20100101 Firefox/29.0"
180.254.245.139 - - [06/Oct/2014:20:27:25 +0700] "GET /assets/js/plugins/tagsinput/jquery.tagsinput.min.js HTTP/1.1" 200 6321 "http://rpl.smkn1purwokerto.sch.id/auth/login" "Mozilla/5.0 (Windows NT 6.1; rv:29.0) Gecko/20100101 Firefox/29.0"
180.254.245.139 - - [06/Oct/2014:20:27:25 +0700] "GET /assets/js/plugins/chosen/chosen.jquery.min.js HTTP/1.1" 200 23739 "http://rpl.smkn1purwokerto.sch.id/auth/login" "Mozilla/5.0 (Windows NT 6.1; rv:29.0) Gecko/20100101 Firefox/29.0"
180.254.245.139 - - [06/Oct/2014:20:27:25 +0700] "GET /assets/css/plugins/icheck/minimal/_all.css HTTP/1.1" 200 17344 "http://rpl.smkn1purwokerto.sch.id/assets/css/plugins/icheck/all.css" "Mozilla/5.0 (Windows NT 6.1; rv:29.0) Gecko/20100101 Firefox/29.0"
180.254.245.139 - - [06/Oct/2014:20:27:28 +0700] "GET /favicon.ico HTTP/1.1" 404 1175 "-" "Mozilla/5.0 (Windows NT 6.1; rv:29.0) Gecko/20100101 Firefox/29.0"
180.254.245.139 - - [06/Oct/2014:20:27:28 +0700] "GET /favicon.ico HTTP/1.1" 404 1175 "-" "Mozilla/5.0 (Windows NT 6.1; rv:29.0) Gecko/20100101 Firefox/29.0"
180.254.245.139 - - [06/Oct/2014:20:27:43 +0700] "GET /auth/login HTTP/1.1" 200 8947 "-" "Mozilla/5.0 (Windows NT 6.1; rv:29.0) Gecko/20100101 Firefox/29.0"
36.73.16.116 - - [06/Oct/2014:20:28:14 +0700] "GET / HTTP/1.1" 302 - "-" "Mozilla/5.0 (Linux; Android 4.1.2; EG98 Build/JZO54K) AppleWebKit/537.36 (KHTML, like Gecko) Chrome/27.0.1453.90 Mobile Safari/537.36"
36.73.16.116 - - [06/Oct/2014:20:28:15 +0700] "GET /auth/login HTTP/1.1" 200 8947 "-" "Mozilla/5.0 (Linux; Android 4.1.2; EG98 Build/JZO54K) AppleWebKit/537.36 (KHTML, like Gecko) Chrome/27.0.1453.90 Mobile Safari/537.36"
36.73.16.116 - - [06/Oct/2014:20:28:16 +0700] "GET /assets/css/bootstrap-responsive.min.css HTTP/1.1" 200 16849 "http://rpl.smkn1purwokerto.sch.id/auth/login" "Mozilla/5.0 (Linux; Android 4.1.2; EG98 Build/JZO54K) AppleWebKit/537.36 (KHTML, like Gecko) Chrome/27.0.1453.90 Mobile Safari/537.36"
36.73.16.116 - - [06/Oct/2014:20:28:16 +0700] "GET /assets/css/plugins/jquery-ui/smoothness/jquery-ui.css HTTP/1.1" 200 28616 "http://rpl.smkn1purwokerto.sch.id/auth/login" "Mozilla/5.0 (Linux; Android 4.1.2; EG98 Build/JZO54K) AppleWebKit/537.36 (KHTML, like Gecko) Chrome/27.0.1453.90 Mobile Safari/537.36"
36.73.16.116 - - [06/Oct/2014:20:28:16 +0700] "GET /assets/css/plugins/jquery-ui/smoothness/jquery.ui.theme.css HTTP/1.1" 200 16766 "http://rpl.smkn1purwokerto.sch.id/auth/login" "Mozilla/5.0 (Linux; Android 4.1.2; EG98 Build/JZO54K) AppleWebKit/537.36 (KHTML, like Gecko) Chrome/27.0.1453.90 Mobile Safari/537.36"
36.73.16.116 - - [06/Oct/2014:20:28:17 +0700] "GET /assets/css/plugins/tagsinput/jquery.tagsinput.css HTTP/1.1" 200 904 "http://rpl.smkn1purwokerto.sch.id/auth/login" "Mozilla/5.0 (Linux; Android 4.1.2; EG98 Build/JZO54K) AppleWebKit/537.36 (KHTML, like Gecko) Chrome/27.0.1453.90 Mobile Safari/537.36"
36.73.16.116 - - [06/Oct/2014:20:28:16 +0700] "GET /assets/css/bootstrap.min.css HTTP/1.1" 200 106015 "http://rpl.smkn1purwokerto.sch.id/auth/login" "Mozilla/5.0 (Linux; Android 4.1.2; EG98 Build/JZO54K) AppleWebKit/537.36 (KHTML, like Gecko) Chrome/27.0.1453.90 Mobile Safari/537.36"
36.73.16.116 - - [06/Oct/2014:20:28:17 +0700] "GET /assets/css/themes.css HTTP/1.1" 200 107120 "http://rpl.smkn1purwokerto.sch.id/auth/login" "Mozilla/5.0 (Linux; Android 4.1.2; EG98 Build/JZO54K) AppleWebKit/537.36 (KHTML, like Gecko) Chrome/27.0.1453.90 Mobile Safari/537.36"
36.73.16.116 - - [06/Oct/2014:20:28:18 +0700] "GET /assets/css/plugins/chosen/chosen.css HTTP/1.1" 200 14562 "http://rpl.smkn1purwokerto.sch.id/auth/login" "Mozilla/5.0 (Linux; Android 4.1.2; EG98 Build/JZO54K) AppleWebKit/537.36 (KHTML, like Gecko) Chrome/27.0.1453.90 Mobile Safari/537.36"
36.73.16.116 - - [06/Oct/2014:20:28:19 +0700] "GET /assets/css/plugins/multiselect/multi-select.css HTTP/1.1" 200 2306 "http://rpl.smkn1purwokerto.sch.id/auth/login" "Mozilla/5.0 (Linux; Android 4.1.2; EG98 Build/JZO54K) AppleWebKit/537.36 (KHTML, like Gecko) Chrome/27.0.1453.90 Mobile Safari/537.36"
36.73.16.116 - - [06/Oct/2014:20:28:19 +0700] "GET /assets/css/plugins/timepicker/bootstrap-timepicker.min.css HTTP/1.1" 200 2410 "http://rpl.smkn1purwokerto.sch.id/auth/login" "Mozilla/5.0 (Linux; Android 4.1.2; EG98 Build/JZO54K) AppleWebKit/537.36 (KHTML, like Gecko) Chrome/27.0.1453.90 Mobile Safari/537.36"
36.73.16.116 - - [06/Oct/2014:20:28:19 +0700] "GET /assets/css/plugins/colorpicker/colorpicker.css HTTP/1.1" 200 2426 "http://rpl.smkn1purwokerto.sch.id/auth/login" "Mozilla/5.0 (Linux; Android 4.1.2; EG98 Build/JZO54K) AppleWebKit/537.36 (KHTML, like Gecko) Chrome/27.0.1453.90 Mobile Safari/537.36"
36.73.16.116 - - [06/Oct/2014:20:28:17 +0700] "GET /assets/css/style.css HTTP/1.1" 200 129029 "http://rpl.smkn1purwokerto.sch.id/auth/login" "Mozilla/5.0 (Linux; Android 4.1.2; EG98 Build/JZO54K) AppleWebKit/537.36 (KHTML, like Gecko) Chrome/27.0.1453.90 Mobile Safari/537.36"
36.73.16.116 - - [06/Oct/2014:20:28:19 +0700] "GET /assets/css/plugins/datepicker/datepicker.css HTTP/1.1" 200 10218 "http://rpl.smkn1purwokerto.sch.id/auth/login" "Mozilla/5.0 (Linux; Android 4.1.2; EG98 Build/JZO54K) AppleWebKit/537.36 (KHTML, like Gecko) Chrome/27.0.1453.90 Mobile Safari/537.36"
36.73.16.116 - - [06/Oct/2014:20:28:19 +0700] "GET /assets/css/plugins/daterangepicker/daterangepicker.css HTTP/1.1" 200 4644 "http://rpl.smkn1purwokerto.sch.id/auth/login" "Mozilla/5.0 (Linux; Android 4.1.2; EG98 Build/JZO54K) AppleWebKit/537.36 (KHTML, like Gecko) Chrome/27.0.1453.90 Mobile Safari/537.36"
36.73.16.116 - - [06/Oct/2014:20:28:19 +0700] "GET /assets/css/plugins/plupload/jquery.plupload.queue.css HTTP/1.1" 200 3987 "http://rpl.smkn1purwokerto.sch.id/auth/login" "Mozilla/5.0 (Linux; Android 4.1.2; EG98 Build/JZO54K) AppleWebKit/537.36 (KHTML, like Gecko) Chrome/27.0.1453.90 Mobile Safari/537.36"
36.73.16.116 - - [06/Oct/2014:20:28:20 +0700] "GET /assets/css/plugins/icheck/all.css HTTP/1.1" 200 1564 "http://rpl.smkn1purwokerto.sch.id/auth/login" "Mozilla/5.0 (Linux; Android 4.1.2; EG98 Build/JZO54K) AppleWebKit/537.36 (KHTML, like Gecko) Chrome/27.0.1453.90 Mobile Safari/537.36"
36.73.16.116 - - [06/Oct/2014:20:28:19 +0700] "GET /assets/css/plugins/select2/select2.css HTTP/1.1" 200 19806 "http://rpl.smkn1purwokerto.sch.id/auth/login" "Mozilla/5.0 (Linux; Android 4.1.2; EG98 Build/JZO54K) AppleWebKit/537.36 (KHTML, like Gecko) Chrome/27.0.1453.90 Mobile Safari/537.36"
36.73.16.116 - - [06/Oct/2014:20:28:20 +0700] "GET /assets/css/plugins/icheck/flat/_all.css HTTP/1.1" 200 13919 "http://rpl.smkn1purwokerto.sch.id/auth/login" "Mozilla/5.0 (Linux; Android 4.1.2; EG98 Build/JZO54K) AppleWebKit/537.36 (KHTML, like Gecko) Chrome/27.0.1453.90 Mobile Safari/537.36"
36.73.16.116 - - [06/Oct/2014:20:28:20 +0700] "GET /assets/css/plugins/icheck/minimal/_all.css HTTP/1.1" 200 17344 "http://rpl.smkn1purwokerto.sch.id/auth/login" "Mozilla/5.0 (Linux; Android 4.1.2; EG98 Build/JZO54K) AppleWebKit/537.36 (KHTML, like Gecko) Chrome/27.0.1453.90 Mobile Safari/537.36"
36.73.16.116 - - [06/Oct/2014:20:28:20 +0700] "GET /assets/css/plugins/icheck/square/_all.css HTTP/1.1" 200 17141 "http://rpl.smkn1purwokerto.sch.id/auth/login" "Mozilla/5.0 (Linux; Android 4.1.2; EG98 Build/JZO54K) AppleWebKit/537.36 (KHTML, like Gecko) Chrome/27.0.1453.90 Mobile Safari/537.36"
36.73.16.116 - - [06/Oct/2014:20:28:20 +0700] "GET /assets/js/plugins/nicescroll/jquery.nicescroll.min.js HTTP/1.1" 200 51521 "http://rpl.smkn1purwokerto.sch.id/auth/login" "Mozilla/5.0 (Linux; Android 4.1.2; EG98 Build/JZO54K) AppleWebKit/537.36 (KHTML, like Gecko) Chrome/27.0.1453.90 Mobile Safari/537.36"
36.73.16.116 - - [06/Oct/2014:20:28:20 +0700] "GET /assets/js/jquery.min.js HTTP/1.1" 200 92629 "http://rpl.smkn1purwokerto.sch.id/auth/login" "Mozilla/5.0 (Linux; Android 4.1.2; EG98 Build/JZO54K) AppleWebKit/537.36 (KHTML, like Gecko) Chrome/27.0.1453.90 Mobile Safari/537.36"
36.73.16.116 - - [06/Oct/2014:20:28:22 +0700] "GET /assets/css/plugins/icheck/line/_all.css HTTP/1.1" 200 18326 "http://rpl.smkn1purwokerto.sch.id/auth/login" "Mozilla/5.0 (Linux; Android 4.1.2; EG98 Build/JZO54K) AppleWebKit/537.36 (KHTML, like Gecko) Chrome/27.0.1453.90 Mobile Safari/537.36"
36.73.16.116 - - [06/Oct/2014:20:28:23 +0700] "GET /assets/css/plugins/icheck/polaris/polaris.css HTTP/1.1" 200 1694 "http://rpl.smkn1purwokerto.sch.id/auth/login" "Mozilla/5.0 (Linux; Android 4.1.2; EG98 Build/JZO54K) AppleWebKit/537.36 (KHTML, like Gecko) Chrome/27.0.1453.90 Mobile Safari/537.36"
36.73.16.116 - - [06/Oct/2014:20:28:23 +0700] "GET /assets/css/plugins/icheck/futurico/futurico.css HTTP/1.1" 200 1440 "http://rpl.smkn1purwokerto.sch.id/auth/login" "Mozilla/5.0 (Linux; Android 4.1.2; EG98 Build/JZO54K) AppleWebKit/537.36 (KHTML, like Gecko) Chrome/27.0.1453.90 Mobile Safari/537.36"
36.73.16.116 - - [06/Oct/2014:20:28:23 +0700] "GET /assets/js/plugins/touchwipe/touchwipe.min.js HTTP/1.1" 200 1269 "http://rpl.smkn1purwokerto.sch.id/auth/login" "Mozilla/5.0 (Linux; Android 4.1.2; EG98 Build/JZO54K) AppleWebKit/537.36 (KHTML, like Gecko) Chrome/27.0.1453.90 Mobile Safari/537.36"
36.73.16.116 - - [06/Oct/2014:20:28:23 +0700] "GET /assets/js/plugins/imagesLoaded/jquery.imagesloaded.min.js HTTP/1.1" 200 1046 "http://rpl.smkn1purwokerto.sch.id/auth/login" "Mozilla/5.0 (Linux; Android 4.1.2; EG98 Build/JZO54K) AppleWebKit/537.36 (KHTML, like Gecko) Chrome/27.0.1453.90 Mobile Safari/537.36"
36.73.16.116 - - [06/Oct/2014:20:28:23 +0700] "GET /assets/js/plugins/jquery-ui/jquery.ui.core.min.js HTTP/1.1" 200 4356 "http://rpl.smkn1purwokerto.sch.id/auth/login" "Mozilla/5.0 (Linux; Android 4.1.2; EG98 Build/JZO54K) AppleWebKit/537.36 (KHTML, like Gecko) Chrome/27.0.1453.90 Mobile Safari/537.36"
36.73.16.116 - - [06/Oct/2014:20:28:23 +0700] "GET /assets/js/plugins/jquery-ui/jquery.ui.widget.min.js HTTP/1.1" 200 6555 "http://rpl.smkn1purwokerto.sch.id/auth/login" "Mozilla/5.0 (Linux; Android 4.1.2; EG98 Build/JZO54K) AppleWebKit/537.36 (KHTML, like Gecko) Chrome/27.0.1453.90 Mobile Safari/537.36"
36.73.16.116 - - [06/Oct/2014:20:28:23 +0700] "GET /assets/js/plugins/jquery-ui/jquery.ui.mouse.min.js HTTP/1.1" 200 2995 "http://rpl.smkn1purwokerto.sch.id/auth/login" "Mozilla/5.0 (Linux; Android 4.1.2; EG98 Build/JZO54K) AppleWebKit/537.36 (KHTML, like Gecko) Chrome/27.0.1453.90 Mobile Safari/537.36"
36.73.16.116 - - [06/Oct/2014:20:28:23 +0700] "GET /assets/js/plugins/jquery-ui/jquery.ui.resizable.min.js HTTP/1.1" 200 17376 "http://rpl.smkn1purwokerto.sch.id/auth/login" "Mozilla/5.0 (Linux; Android 4.1.2; EG98 Build/JZO54K) AppleWebKit/537.36 (KHTML, like Gecko) Chrome/27.0.1453.90 Mobile Safari/537.36"
36.73.16.116 - - [06/Oct/2014:20:28:23 +0700] "GET /assets/js/plugins/jquery-ui/jquery.ui.sortable.min.js HTTP/1.1" 200 23692 "http://rpl.smkn1purwokerto.sch.id/auth/login" "Mozilla/5.0 (Linux; Android 4.1.2; EG98 Build/JZO54K) AppleWebKit/537.36 (KHTML, like Gecko) Chrome/27.0.1453.90 Mobile Safari/537.36"
36.73.16.116 - - [06/Oct/2014:20:28:24 +0700] "GET /assets/js/plugins/slimscroll/jquery.slimscroll.min.js HTTP/1.1" 200 4340 "http://rpl.smkn1purwokerto.sch.id/auth/login" "Mozilla/5.0 (Linux; Android 4.1.2; EG98 Build/JZO54K) AppleWebKit/537.36 (KHTML, like Gecko) Chrome/27.0.1453.90 Mobile Safari/537.36"
36.73.16.116 - - [06/Oct/2014:20:28:24 +0700] "GET /assets/js/plugins/bootbox/jquery.bootbox.js HTTP/1.1" 200 5919 "http://rpl.smkn1purwokerto.sch.id/auth/login" "Mozilla/5.0 (Linux; Android 4.1.2; EG98 Build/JZO54K) AppleWebKit/537.36 (KHTML, like Gecko) Chrome/27.0.1453.90 Mobile Safari/537.36"
36.73.16.116 - - [06/Oct/2014:20:28:24 +0700] "GET /assets/js/bootstrap.min.js HTTP/1.1" 200 29433 "http://rpl.smkn1purwokerto.sch.id/auth/login" "Mozilla/5.0 (Linux; Android 4.1.2; EG98 Build/JZO54K) AppleWebKit/537.36 (KHTML, like Gecko) Chrome/27.0.1453.90 Mobile Safari/537.36"
36.73.16.116 - - [06/Oct/2014:20:28:24 +0700] "GET /assets/js/plugins/form/jquery.form.min.js HTTP/1.1" 200 14331 "http://rpl.smkn1purwokerto.sch.id/auth/login" "Mozilla/5.0 (Linux; Android 4.1.2; EG98 Build/JZO54K) AppleWebKit/537.36 (KHTML, like Gecko) Chrome/27.0.1453.90 Mobile Safari/537.36"
36.73.16.116 - - [06/Oct/2014:20:28:25 +0700] "GET /assets/js/plugins/validation/additional-methods.min.js HTTP/1.1" 200 10731 "http://rpl.smkn1purwokerto.sch.id/auth/login" "Mozilla/5.0 (Linux; Android 4.1.2; EG98 Build/JZO54K) AppleWebKit/537.36 (KHTML, like Gecko) Chrome/27.0.1453.90 Mobile Safari/537.36"
36.73.16.116 - - [06/Oct/2014:20:28:25 +0700] "GET /assets/js/eakroko.min.js HTTP/1.1" 200 10644 "http://rpl.smkn1purwokerto.sch.id/auth/login" "Mozilla/5.0 (Linux; Android 4.1.2; EG98 Build/JZO54K) AppleWebKit/537.36 (KHTML, like Gecko) Chrome/27.0.1453.90 Mobile Safari/537.36"
36.73.16.116 - - [06/Oct/2014:20:28:24 +0700] "GET /assets/js/plugins/validation/jquery.validate.min.js HTTP/1.1" 200 20886 "http://rpl.smkn1purwokerto.sch.id/auth/login" "Mozilla/5.0 (Linux; Android 4.1.2; EG98 Build/JZO54K) AppleWebKit/537.36 (KHTML, like Gecko) Chrome/27.0.1453.90 Mobile Safari/537.36"
36.73.16.116 - - [06/Oct/2014:20:28:20 +0700] "GET /assets/js/plugins/tiny_mce/tinymce.min.js HTTP/1.1" 200 301147 "http://rpl.smkn1purwokerto.sch.id/auth/login" "Mozilla/5.0 (Linux; Android 4.1.2; EG98 Build/JZO54K) AppleWebKit/537.36 (KHTML, like Gecko) Chrome/27.0.1453.90 Mobile Safari/537.36"
36.73.16.116 - - [06/Oct/2014:20:28:26 +0700] "GET /assets/js/plugins/tagsinput/jquery.tagsinput.min.js HTTP/1.1" 200 6321 "http://rpl.smkn1purwokerto.sch.id/auth/login" "Mozilla/5.0 (Linux; Android 4.1.2; EG98 Build/JZO54K) AppleWebKit/537.36 (KHTML, like Gecko) Chrome/27.0.1453.90 Mobile Safari/537.36"
36.73.16.116 - - [06/Oct/2014:20:28:25 +0700] "GET /assets/js/application.min.js HTTP/1.1" 200 19408 "http://rpl.smkn1purwokerto.sch.id/auth/login" "Mozilla/5.0 (Linux; Android 4.1.2; EG98 Build/JZO54K) AppleWebKit/537.36 (KHTML, like Gecko) Chrome/27.0.1453.90 Mobile Safari/537.36"
36.73.16.116 - - [06/Oct/2014:20:28:26 +0700] "GET /assets/js/plugins/maskedinput/jquery.maskedinput.min.js HTTP/1.1" 200 3568 "http://rpl.smkn1purwokerto.sch.id/auth/login" "Mozilla/5.0 (Linux; Android 4.1.2; EG98 Build/JZO54K) AppleWebKit/537.36 (KHTML, like Gecko) Chrome/27.0.1453.90 Mobile Safari/537.36"
36.73.16.116 - - [06/Oct/2014:20:28:25 +0700] "GET /assets/js/demonstration.min.js HTTP/1.1" 200 23085 "http://rpl.smkn1purwokerto.sch.id/auth/login" "Mozilla/5.0 (Linux; Android 4.1.2; EG98 Build/JZO54K) AppleWebKit/537.36 (KHTML, like Gecko) Chrome/27.0.1453.90 Mobile Safari/537.36"
36.73.16.116 - - [06/Oct/2014:20:28:26 +0700] "GET /assets/js/plugins/datepicker/bootstrap-datepicker.js HTTP/1.1" 200 31245 "http://rpl.smkn1purwokerto.sch.id/auth/login" "Mozilla/5.0 (Linux; Android 4.1.2; EG98 Build/JZO54K) AppleWebKit/537.36 (KHTML, like Gecko) Chrome/27.0.1453.90 Mobile Safari/537.36"
36.73.16.116 - - [06/Oct/2014:20:28:27 +0700] "GET /assets/js/plugins/daterangepicker/moment.min.js HTTP/1.1" 200 14684 "http://rpl.smkn1purwokerto.sch.id/auth/login" "Mozilla/5.0 (Linux; Android 4.1.2; EG98 Build/JZO54K) AppleWebKit/537.36 (KHTML, like Gecko) Chrome/27.0.1453.90 Mobile Safari/537.36"
36.73.16.116 - - [06/Oct/2014:20:28:27 +0700] "GET /assets/js/plugins/timepicker/bootstrap-timepicker.min.js HTTP/1.1" 200 13981 "http://rpl.smkn1purwokerto.sch.id/auth/login" "Mozilla/5.0 (Linux; Android 4.1.2; EG98 Build/JZO54K) AppleWebKit/537.36 (KHTML, like Gecko) Chrome/27.0.1453.90 Mobile Safari/537.36"
36.73.16.116 - - [06/Oct/2014:20:28:27 +0700] "GET /assets/js/plugins/colorpicker/bootstrap-colorpicker.js HTTP/1.1" 200 13358 "http://rpl.smkn1purwokerto.sch.id/auth/login" "Mozilla/5.0 (Linux; Android 4.1.2; EG98 Build/JZO54K) AppleWebKit/537.36 (KHTML, like Gecko) Chrome/27.0.1453.90 Mobile Safari/537.36"
36.73.16.116 - - [06/Oct/2014:20:28:27 +0700] "GET /assets/js/plugins/daterangepicker/daterangepicker.js HTTP/1.1" 200 29804 "http://rpl.smkn1purwokerto.sch.id/auth/login" "Mozilla/5.0 (Linux; Android 4.1.2; EG98 Build/JZO54K) AppleWebKit/537.36 (KHTML, like Gecko) Chrome/27.0.1453.90 Mobile Safari/537.36"
36.73.16.116 - - [06/Oct/2014:20:28:27 +0700] "GET /assets/js/plugins/chosen/chosen.jquery.min.js HTTP/1.1" 200 23739 "http://rpl.smkn1purwokerto.sch.id/auth/login" "Mozilla/5.0 (Linux; Android 4.1.2; EG98 Build/JZO54K) AppleWebKit/537.36 (KHTML, like Gecko) Chrome/27.0.1453.90 Mobile Safari/537.36"
36.73.16.116 - - [06/Oct/2014:20:28:27 +0700] "GET /assets/js/plugins/multiselect/jquery.multi-select.js HTTP/1.1" 200 17368 "http://rpl.smkn1purwokerto.sch.id/auth/login" "Mozilla/5.0 (Linux; Android 4.1.2; EG98 Build/JZO54K) AppleWebKit/537.36 (KHTML, like Gecko) Chrome/27.0.1453.90 Mobile Safari/537.36"
36.73.16.116 - - [06/Oct/2014:20:28:28 +0700] "GET /assets/js/plugins/plupload/jquery.plupload.queue.js HTTP/1.1" 200 6518 "http://rpl.smkn1purwokerto.sch.id/auth/login" "Mozilla/5.0 (Linux; Android 4.1.2; EG98 Build/JZO54K) AppleWebKit/537.36 (KHTML, like Gecko) Chrome/27.0.1453.90 Mobile Safari/537.36"
36.73.16.116 - - [06/Oct/2014:20:28:28 +0700] "GET /assets/js/plugins/fileupload/bootstrap-fileupload.min.js HTTP/1.1" 200 4188 "http://rpl.smkn1purwokerto.sch.id/auth/login" "Mozilla/5.0 (Linux; Android 4.1.2; EG98 Build/JZO54K) AppleWebKit/537.36 (KHTML, like Gecko) Chrome/27.0.1453.90 Mobile Safari/537.36"
36.73.16.116 - - [06/Oct/2014:20:28:27 +0700] "GET /assets/js/plugins/plupload/plupload.full.js HTTP/1.1" 200 52830 "http://rpl.smkn1purwokerto.sch.id/auth/login" "Mozilla/5.0 (Linux; Android 4.1.2; EG98 Build/JZO54K) AppleWebKit/537.36 (KHTML, like Gecko) Chrome/27.0.1453.90 Mobile Safari/537.36"
36.73.16.116 - - [06/Oct/2014:20:28:28 +0700] "GET /assets/js/plugins/mockjax/jquery.mockjax.js HTTP/1.1" 200 6317 "http://rpl.smkn1purwokerto.sch.id/auth/login" "Mozilla/5.0 (Linux; Android 4.1.2; EG98 Build/JZO54K) AppleWebKit/537.36 (KHTML, like Gecko) Chrome/27.0.1453.90 Mobile Safari/537.36"
36.73.16.116 - - [06/Oct/2014:20:28:29 +0700] "GET /assets/js/plugins/icheck/jquery.icheck.min.js HTTP/1.1" 200 3938 "http://rpl.smkn1purwokerto.sch.id/auth/login" "Mozilla/5.0 (Linux; Android 4.1.2; EG98 Build/JZO54K) AppleWebKit/537.36 (KHTML, like Gecko) Chrome/27.0.1453.90 Mobile Safari/537.36"
36.73.16.116 - - [06/Oct/2014:20:28:29 +0700] "GET /assets/js/plugins/complexify/jquery.complexify-banlist.min.js HTTP/1.1" 200 163 "http://rpl.smkn1purwokerto.sch.id/auth/login" "Mozilla/5.0 (Linux; Android 4.1.2; EG98 Build/JZO54K) AppleWebKit/537.36 (KHTML, like Gecko) Chrome/27.0.1453.90 Mobile Safari/537.36"
36.73.16.116 - - [06/Oct/2014:20:28:29 +0700] "GET /assets/js/plugins/complexify/jquery.complexify.min.js HTTP/1.1" 200 2086 "http://rpl.smkn1purwokerto.sch.id/auth/login" "Mozilla/5.0 (Linux; Android 4.1.2; EG98 Build/JZO54K) AppleWebKit/537.36 (KHTML, like Gecko) Chrome/27.0.1453.90 Mobile Safari/537.36"
36.73.16.116 - - [06/Oct/2014:20:28:28 +0700] "GET /assets/js/plugins/select2/select2.min.js HTTP/1.1" 200 41867 "http://rpl.smkn1purwokerto.sch.id/auth/login" "Mozilla/5.0 (Linux; Android 4.1.2; EG98 Build/JZO54K) AppleWebKit/537.36 (KHTML, like Gecko) Chrome/27.0.1453.90 Mobile Safari/537.36"
36.73.16.116 - - [06/Oct/2014:20:28:27 +0700] "GET /assets/js/plugins/ckeditor/ckeditor.js HTTP/1.1" 200 454073 "http://rpl.smkn1purwokerto.sch.id/auth/login" "Mozilla/5.0 (Linux; Android 4.1.2; EG98 Build/JZO54K) AppleWebKit/537.36 (KHTML, like Gecko) Chrome/27.0.1453.90 Mobile Safari/537.36"
36.73.16.116 - - [06/Oct/2014:20:28:35 +0700] "GET /favicon.ico HTTP/1.1" 404 1175 "-" "Mozilla/5.0 (Linux; Android 4.1.2; EG98 Build/JZO54K) AppleWebKit/537.36 (KHTML, like Gecko) Chrome/27.0.1453.90 Mobile Safari/537.36"
36.73.16.116 - - [06/Oct/2014:20:28:35 +0700] "GET /assets/img/apple-touch-icon-precomposed.png HTTP/1.1" 200 2366 "-" "Mozilla/5.0 (Linux; Android 4.1.2; EG98 Build/JZO54K) AppleWebKit/537.36 (KHTML, like Gecko) Chrome/27.0.1453.90 Mobile Safari/537.36"
180.254.245.139 - - [06/Oct/2014:20:29:15 +0700] "GET /auth/register HTTP/1.1" 200 11733 "http://rpl.smkn1purwokerto.sch.id/auth/login" "Mozilla/5.0 (Windows NT 6.1; rv:29.0) Gecko/20100101 Firefox/29.0"
114.124.32.254 - - [06/Oct/2014:20:29:21 +0700] "GET /user/data/semua HTTP/1.1" 200 15850 "http://rpl.smkn1purwokerto.sch.id/user/data/semua" "Mozilla/5.0 (Windows NT 6.1; rv:32.0) Gecko/20100101 Firefox/32.0"
180.254.245.139 - - [06/Oct/2014:20:29:26 +0700] "POST /auth/cekusername HTTP/1.1" 200 1 "http://rpl.smkn1purwokerto.sch.id/auth/register" "Mozilla/5.0 (Windows NT 6.1; rv:29.0) Gecko/20100101 Firefox/29.0"
180.254.245.139 - - [06/Oct/2014:20:29:30 +0700] "POST /auth/cekusername HTTP/1.1" 200 1 "http://rpl.smkn1purwokerto.sch.id/auth/register" "Mozilla/5.0 (Windows NT 6.1; rv:29.0) Gecko/20100101 Firefox/29.0"
180.254.245.139 - - [06/Oct/2014:20:29:41 +0700] "POST /auth/cekemail?e=aziz@cimplunx.com HTTP/1.1" 200 1 "http://rpl.smkn1purwokerto.sch.id/auth/register" "Mozilla/5.0 (Windows NT 6.1; rv:29.0) Gecko/20100101 Firefox/29.0"
114.124.32.254 - - [06/Oct/2014:20:29:53 +0700] "GET /user/data/semua HTTP/1.1" 200 15850 "-" "Mozilla/5.0 (Windows NT 6.1; rv:32.0) Gecko/20100101 Firefox/32.0"
180.254.245.139 - - [06/Oct/2014:20:30:18 +0700] "POST /auth/register HTTP/1.1" 302 - "http://rpl.smkn1purwokerto.sch.id/auth/register" "Mozilla/5.0 (Windows NT 6.1; rv:29.0) Gecko/20100101 Firefox/29.0"
180.254.245.139 - - [06/Oct/2014:20:30:18 +0700] "GET /auth/successregister HTTP/1.1" 200 8532 "http://rpl.smkn1purwokerto.sch.id/auth/register" "Mozilla/5.0 (Windows NT 6.1; rv:29.0) Gecko/20100101 Firefox/29.0"
114.124.32.254 - - [06/Oct/2014:20:30:39 +0700] "GET /user/data/semua HTTP/1.1" 200 16307 "-" "Mozilla/5.0 (Windows NT 6.1; rv:32.0) Gecko/20100101 Firefox/32.0"
114.124.32.254 - - [06/Oct/2014:20:30:43 +0700] "GET /user/aktivasi/2/1 HTTP/1.1" 302 - "http://rpl.smkn1purwokerto.sch.id/user/data/semua" "Mozilla/5.0 (Windows NT 6.1; rv:32.0) Gecko/20100101 Firefox/32.0"
114.124.32.254 - - [06/Oct/2014:20:30:45 +0700] "GET /user/data/semua HTTP/1.1" 200 16305 "http://rpl.smkn1purwokerto.sch.id/user/data/semua" "Mozilla/5.0 (Windows NT 6.1; rv:32.0) Gecko/20100101 Firefox/32.0"
114.124.32.254 - - [06/Oct/2014:20:30:47 +0700] "GET /user/setadmin/2/1 HTTP/1.1" 302 - "http://rpl.smkn1purwokerto.sch.id/user/data/semua" "Mozilla/5.0 (Windows NT 6.1; rv:32.0) Gecko/20100101 Firefox/32.0"
114.124.32.254 - - [06/Oct/2014:20:30:48 +0700] "GET /user/data/semua HTTP/1.1" 200 16309 "http://rpl.smkn1purwokerto.sch.id/user/data/semua" "Mozilla/5.0 (Windows NT 6.1; rv:32.0) Gecko/20100101 Firefox/32.0"
180.254.245.139 - - [06/Oct/2014:20:31:06 +0700] "GET /auth/login HTTP/1.1" 200 8947 "http://rpl.smkn1purwokerto.sch.id/auth/successregister" "Mozilla/5.0 (Windows NT 6.1; rv:29.0) Gecko/20100101 Firefox/29.0"
114.124.32.254 - - [06/Oct/2014:20:31:10 +0700] "GET /profil/edit HTTP/1.1" 200 23264 "http://rpl.smkn1purwokerto.sch.id/user/data/semua" "Mozilla/5.0 (Windows NT 6.1; rv:32.0) Gecko/20100101 Firefox/32.0"
114.124.32.254 - - [06/Oct/2014:20:31:12 +0700] "GET /assets/img/plugins/icheck/square/blue.png HTTP/1.1" 200 5246 "http://rpl.smkn1purwokerto.sch.id/assets/css/plugins/icheck/square/_all.css" "Mozilla/5.0 (Windows NT 6.1; rv:32.0) Gecko/20100101 Firefox/32.0"
114.124.32.254 - - [06/Oct/2014:20:31:13 +0700] "GET /assets/js/plugins/tiny_mce/themes/modern/theme.min.js HTTP/1.1" 200 6419 "http://rpl.smkn1purwokerto.sch.id/profil/edit" "Mozilla/5.0 (Windows NT 6.1; rv:32.0) Gecko/20100101 Firefox/32.0"
114.124.32.254 - - [06/Oct/2014:20:31:15 +0700] "GET /assets/js/plugins/tiny_mce/skins/lightgray/skin.min.css HTTP/1.1" 200 35114 "http://rpl.smkn1purwokerto.sch.id/profil/edit" "Mozilla/5.0 (Windows NT 6.1; rv:32.0) Gecko/20100101 Firefox/32.0"
114.124.32.254 - - [06/Oct/2014:20:31:15 +0700] "GET /assets/js/plugins/tiny_mce/skins/lightgray/content.min.css HTTP/1.1" 200 1520 "http://rpl.smkn1purwokerto.sch.id/profil/edit" "Mozilla/5.0 (Windows NT 6.1; rv:32.0) Gecko/20100101 Firefox/32.0"
180.254.245.139 - - [06/Oct/2014:20:31:18 +0700] "POST /auth/login HTTP/1.1" 302 - "http://rpl.smkn1purwokerto.sch.id/auth/login" "Mozilla/5.0 (Windows NT 6.1; rv:29.0) Gecko/20100101 Firefox/29.0"
180.254.245.139 - - [06/Oct/2014:20:31:18 +0700] "GET /home HTTP/1.1" 200 11994 "http://rpl.smkn1purwokerto.sch.id/auth/login" "Mozilla/5.0 (Windows NT 6.1; rv:29.0) Gecko/20100101 Firefox/29.0"
114.124.32.254 - - [06/Oct/2014:20:31:18 +0700] "GET /assets/js/plugins/tiny_mce/skins/lightgray/fonts/tinymce.woff HTTP/1.1" 200 7664 "http://rpl.smkn1purwokerto.sch.id/assets/js/plugins/tiny_mce/skins/lightgray/skin.min.css" "Mozilla/5.0 (Windows NT 6.1; rv:32.0) Gecko/20100101 Firefox/32.0"
180.254.245.139 - - [06/Oct/2014:20:31:18 +0700] "GET /statics/uploads/none.jpg HTTP/1.1" 200 951 "http://rpl.smkn1purwokerto.sch.id/home" "Mozilla/5.0 (Windows NT 6.1; rv:29.0) Gecko/20100101 Firefox/29.0"
180.254.245.139 - - [06/Oct/2014:20:31:19 +0700] "GET /assets/font/fontawesome-webfont.woff?v=3.2.1 HTTP/1.1" 200 44432 "http://rpl.smkn1purwokerto.sch.id/assets/css/style.css" "Mozilla/5.0 (Windows NT 6.1; rv:29.0) Gecko/20100101 Firefox/29.0"
180.254.245.139 - - [06/Oct/2014:20:31:41 +0700] "GET /profil/edit HTTP/1.1" 200 23239 "http://rpl.smkn1purwokerto.sch.id/home" "Mozilla/5.0 (Windows NT 6.1; rv:29.0) Gecko/20100101 Firefox/29.0"
180.254.245.139 - - [06/Oct/2014:20:31:42 +0700] "GET /assets/img/plugins/icheck/square/blue.png HTTP/1.1" 200 5246 "http://rpl.smkn1purwokerto.sch.id/assets/css/plugins/icheck/square/_all.css" "Mozilla/5.0 (Windows NT 6.1; rv:29.0) Gecko/20100101 Firefox/29.0"
180.254.245.139 - - [06/Oct/2014:20:31:42 +0700] "GET /assets/js/plugins/tiny_mce/themes/modern/theme.min.js HTTP/1.1" 200 6419 "http://rpl.smkn1purwokerto.sch.id/profil/edit" "Mozilla/5.0 (Windows NT 6.1; rv:29.0) Gecko/20100101 Firefox/29.0"
180.254.245.139 - - [06/Oct/2014:20:31:43 +0700] "GET /assets/js/plugins/tiny_mce/skins/lightgray/content.min.css HTTP/1.1" 200 1520 "http://rpl.smkn1purwokerto.sch.id/profil/edit" "Mozilla/5.0 (Windows NT 6.1; rv:29.0) Gecko/20100101 Firefox/29.0"
180.254.245.139 - - [06/Oct/2014:20:31:43 +0700] "GET /assets/js/plugins/tiny_mce/skins/lightgray/skin.min.css HTTP/1.1" 200 35114 "http://rpl.smkn1purwokerto.sch.id/profil/edit" "Mozilla/5.0 (Windows NT 6.1; rv:29.0) Gecko/20100101 Firefox/29.0"
180.254.245.139 - - [06/Oct/2014:20:31:43 +0700] "GET /assets/js/plugins/tiny_mce/skins/lightgray/fonts/tinymce.woff HTTP/1.1" 200 7664 "http://rpl.smkn1purwokerto.sch.id/assets/js/plugins/tiny_mce/skins/lightgray/skin.min.css" "Mozilla/5.0 (Windows NT 6.1; rv:29.0) Gecko/20100101 Firefox/29.0"
114.124.32.254 - - [06/Oct/2014:20:32:05 +0700] "POST /profil/updateprofil HTTP/1.1" 302 - "http://rpl.smkn1purwokerto.sch.id/profil/edit" "Mozilla/5.0 (Windows NT 6.1; rv:32.0) Gecko/20100101 Firefox/32.0"
114.124.32.254 - - [06/Oct/2014:20:32:06 +0700] "GET /profil/edit HTTP/1.1" 200 23566 "http://rpl.smkn1purwokerto.sch.id/profil/edit" "Mozilla/5.0 (Windows NT 6.1; rv:32.0) Gecko/20100101 Firefox/32.0"
114.124.32.254 - - [06/Oct/2014:20:32:21 +0700] "GET /user/data/nonaktif HTTP/1.1" 200 15595 "http://rpl.smkn1purwokerto.sch.id/profil/edit" "Mozilla/5.0 (Windows NT 6.1; rv:32.0) Gecko/20100101 Firefox/32.0"
114.124.32.254 - - [06/Oct/2014:20:32:43 +0700] "GET / HTTP/1.1" 200 12220 "http://rpl.smkn1purwokerto.sch.id/user/data/nonaktif" "Mozilla/5.0 (Windows NT 6.1; rv:32.0) Gecko/20100101 Firefox/32.0"
114.124.32.254 - - [06/Oct/2014:20:32:45 +0700] "POST /profil/cari HTTP/1.1" 200 13638 "http://rpl.smkn1purwokerto.sch.id/" "Mozilla/5.0 (Windows NT 6.1; rv:32.0) Gecko/20100101 Firefox/32.0"
114.124.32.254 - - [06/Oct/2014:20:32:48 +0700] "GET /profil/lihat/azizkun HTTP/1.1" 200 13385 "http://rpl.smkn1purwokerto.sch.id/profil/cari" "Mozilla/5.0 (Windows NT 6.1; rv:32.0) Gecko/20100101 Firefox/32.0"
114.124.32.254 - - [06/Oct/2014:20:32:52 +0700] "GET /profil/edit HTTP/1.1" 200 23566 "http://rpl.smkn1purwokerto.sch.id/profil/lihat/azizkun" "Mozilla/5.0 (Windows NT 6.1; rv:32.0) Gecko/20100101 Firefox/32.0"
180.254.245.139 - - [06/Oct/2014:20:32:53 +0700] "POST /profil/updateprofil HTTP/1.1" 302 - "http://rpl.smkn1purwokerto.sch.id/profil/edit" "Mozilla/5.0 (Windows NT 6.1; rv:29.0) Gecko/20100101 Firefox/29.0"
180.254.245.139 - - [06/Oct/2014:20:32:53 +0700] "GET /profil/edit HTTP/1.1" 200 23543 "http://rpl.smkn1purwokerto.sch.id/profil/edit" "Mozilla/5.0 (Windows NT 6.1; rv:29.0) Gecko/20100101 Firefox/29.0"
180.254.245.139 - - [06/Oct/2014:20:33:06 +0700] "GET / HTTP/1.1" 200 12188 "http://rpl.smkn1purwokerto.sch.id/profil/edit" "Mozilla/5.0 (Windows NT 6.1; rv:29.0) Gecko/20100101 Firefox/29.0"
114.124.32.254 - - [06/Oct/2014:20:33:10 +0700] "POST /profil/updateprofil HTTP/1.1" 302 - "http://rpl.smkn1purwokerto.sch.id/profil/edit" "Mozilla/5.0 (Windows NT 6.1; rv:32.0) Gecko/20100101 Firefox/32.0"
114.124.32.254 - - [06/Oct/2014:20:33:12 +0700] "GET /profil/edit HTTP/1.1" 200 23566 "http://rpl.smkn1purwokerto.sch.id/profil/edit" "Mozilla/5.0 (Windows NT 6.1; rv:32.0) Gecko/20100101 Firefox/32.0"
114.124.32.254 - - [06/Oct/2014:20:33:20 +0700] "GET / HTTP/1.1" 200 12220 "http://rpl.smkn1purwokerto.sch.id/profil/edit" "Mozilla/5.0 (Windows NT 6.1; rv:32.0) Gecko/20100101 Firefox/32.0"
114.124.32.254 - - [06/Oct/2014:20:33:25 +0700] "GET /profil/edit HTTP/1.1" 200 23566 "http://rpl.smkn1purwokerto.sch.id/" "Mozilla/5.0 (Windows NT 6.1; rv:32.0) Gecko/20100101 Firefox/32.0"
114.124.32.254 - - [06/Oct/2014:20:34:00 +0700] "POST /profil/updateprofil HTTP/1.1" 302 - "http://rpl.smkn1purwokerto.sch.id/profil/edit" "Mozilla/5.0 (Windows NT 6.1; rv:32.0) Gecko/20100101 Firefox/32.0"
114.124.32.254 - - [06/Oct/2014:20:34:05 +0700] "GET /profil/edit HTTP/1.1" 200 23566 "http://rpl.smkn1purwokerto.sch.id/profil/edit" "Mozilla/5.0 (Windows NT 6.1; rv:32.0) Gecko/20100101 Firefox/32.0"
180.254.245.139 - - [06/Oct/2014:20:35:04 +0700] "GET /user/data/semua HTTP/1.1" 200 16492 "http://rpl.smkn1purwokerto.sch.id/" "Mozilla/5.0 (Windows NT 6.1; rv:29.0) Gecko/20100101 Firefox/29.0"
114.124.32.254 - - [06/Oct/2014:20:35:39 +0700] "POST /profil/updateprofil HTTP/1.1" 302 - "http://rpl.smkn1purwokerto.sch.id/profil/edit" "Mozilla/5.0 (Windows NT 6.1; rv:32.0) Gecko/20100101 Firefox/32.0"
114.124.32.254 - - [06/Oct/2014:20:35:51 +0700] "GET /profil/edit HTTP/1.1" 200 23632 "http://rpl.smkn1purwokerto.sch.id/profil/edit" "Mozilla/5.0 (Windows NT 6.1; rv:32.0) Gecko/20100101 Firefox/32.0"
114.124.32.254 - - [06/Oct/2014:20:35:52 +0700] "GET /statics/uploads/1530534_792661310761621_1620028813_n2.jpg HTTP/1.1" 200 21482 "http://rpl.smkn1purwokerto.sch.id/profil/edit" "Mozilla/5.0 (Windows NT 6.1; rv:32.0) Gecko/20100101 Firefox/32.0"
114.124.32.254 - - [06/Oct/2014:20:35:55 +0700] "GET / HTTP/1.1" 200 12253 "http://rpl.smkn1purwokerto.sch.id/profil/edit" "Mozilla/5.0 (Windows NT 6.1; rv:32.0) Gecko/20100101 Firefox/32.0"
114.124.32.254 - - [06/Oct/2014:20:35:56 +0700] "GET /statics/uploads/1530534_792661310761621_1620028813_n2.jpg HTTP/1.1" 304 - "http://rpl.smkn1purwokerto.sch.id/" "Mozilla/5.0 (Windows NT 6.1; rv:32.0) Gecko/20100101 Firefox/32.0"
180.254.245.139 - - [06/Oct/2014:20:36:04 +0700] "GET /post/addnew HTTP/1.1" 200 14844 "http://rpl.smkn1purwokerto.sch.id/user/data/semua" "Mozilla/5.0 (Windows NT 6.1; rv:29.0) Gecko/20100101 Firefox/29.0"
114.124.32.254 - - [06/Oct/2014:20:36:07 +0700] "GET / HTTP/1.1" 200 12253 "http://rpl.smkn1purwokerto.sch.id/" "Mozilla/5.0 (Windows NT 6.1; rv:32.0) Gecko/20100101 Firefox/32.0"
114.124.32.254 - - [06/Oct/2014:20:36:08 +0700] "GET /statics/uploads/1530534_792661310761621_1620028813_n2.jpg HTTP/1.1" 304 - "http://rpl.smkn1purwokerto.sch.id/" "Mozilla/5.0 (Windows NT 6.1; rv:32.0) Gecko/20100101 Firefox/32.0"
180.254.245.139 - - [06/Oct/2014:20:36:13 +0700] "GET / HTTP/1.1" 200 12188 "http://rpl.smkn1purwokerto.sch.id/post/addnew" "Mozilla/5.0 (Windows NT 6.1; rv:29.0) Gecko/20100101 Firefox/29.0"
114.124.32.254 - - [06/Oct/2014:20:39:09 +0700] "GET /user/data/nonaktif HTTP/1.1" 200 15628 "http://rpl.smkn1purwokerto.sch.id/" "Mozilla/5.0 (Windows NT 6.1; rv:32.0) Gecko/20100101 Firefox/32.0"
114.124.32.254 - - [06/Oct/2014:20:39:10 +0700] "GET /statics/uploads/1530534_792661310761621_1620028813_n2.jpg HTTP/1.1" 200 21482 "http://rpl.smkn1purwokerto.sch.id/user/data/nonaktif" "Mozilla/5.0 (Windows NT 6.1; rv:32.0) Gecko/20100101 Firefox/32.0"
114.124.32.254 - - [06/Oct/2014:20:39:13 +0700] "GET /user/data/aktif HTTP/1.1" 200 16557 "http://rpl.smkn1purwokerto.sch.id/user/data/nonaktif" "Mozilla/5.0 (Windows NT 6.1; rv:32.0) Gecko/20100101 Firefox/32.0"
114.124.32.254 - - [06/Oct/2014:20:39:55 +0700] "GET /user/data/nonaktif HTTP/1.1" 200 15628 "http://rpl.smkn1purwokerto.sch.id/user/data/aktif" "Mozilla/5.0 (Windows NT 6.1; rv:32.0) Gecko/20100101 Firefox/32.0"
114.124.32.254 - - [06/Oct/2014:20:39:56 +0700] "GET /statics/uploads/1530534_792661310761621_1620028813_n2.jpg HTTP/1.1" 304 - "http://rpl.smkn1purwokerto.sch.id/user/data/nonaktif" "Mozilla/5.0 (Windows NT 6.1; rv:32.0) Gecko/20100101 Firefox/32.0"
114.124.32.254 - - [06/Oct/2014:20:39:58 +0700] "GET /post/addnew HTTP/1.1" 200 14909 "http://rpl.smkn1purwokerto.sch.id/user/data/nonaktif" "Mozilla/5.0 (Windows NT 6.1; rv:32.0) Gecko/20100101 Firefox/32.0"
114.124.32.254 - - [06/Oct/2014:20:40:00 +0700] "GET / HTTP/1.1" 200 12253 "http://rpl.smkn1purwokerto.sch.id/post/addnew" "Mozilla/5.0 (Windows NT 6.1; rv:32.0) Gecko/20100101 Firefox/32.0"
114.124.32.254 - - [06/Oct/2014:20:40:06 +0700] "GET /auth/logout HTTP/1.1" 302 - "http://rpl.smkn1purwokerto.sch.id/" "Mozilla/5.0 (Windows NT 6.1; rv:32.0) Gecko/20100101 Firefox/32.0"
114.124.32.254 - - [06/Oct/2014:20:40:06 +0700] "GET /auth/login HTTP/1.1" 200 8947 "http://rpl.smkn1purwokerto.sch.id/" "Mozilla/5.0 (Windows NT 6.1; rv:32.0) Gecko/20100101 Firefox/32.0"
36.73.16.116 - - [06/Oct/2014:20:40:10 +0700] "POST /auth/login HTTP/1.1" 200 9049 "http://rpl.smkn1purwokerto.sch.id/auth/login" "Mozilla/5.0 (Linux; Android 4.1.2; EG98 Build/JZO54K) AppleWebKit/537.36 (KHTML, like Gecko) Chrome/27.0.1453.90 Mobile Safari/537.36"
114.124.32.254 - - [06/Oct/2014:20:42:04 +0700] "POST /auth/login HTTP/1.1" 302 - "http://rpl.smkn1purwokerto.sch.id/auth/login" "Mozilla/5.0 (Windows NT 6.1; rv:32.0) Gecko/20100101 Firefox/32.0"
114.124.32.254 - - [06/Oct/2014:20:42:05 +0700] "GET /home HTTP/1.1" 200 12286 "http://rpl.smkn1purwokerto.sch.id/auth/login" "Mozilla/5.0 (Windows NT 6.1; rv:32.0) Gecko/20100101 Firefox/32.0"
114.124.32.254 - - [06/Oct/2014:20:42:05 +0700] "GET /statics/uploads/1530534_792661310761621_1620028813_n2.jpg HTTP/1.1" 304 - "http://rpl.smkn1purwokerto.sch.id/home" "Mozilla/5.0 (Windows NT 6.1; rv:32.0) Gecko/20100101 Firefox/32.0"
114.124.32.254 - - [06/Oct/2014:20:42:06 +0700] "GET /assets/font/fontawesome-webfont.woff?v=3.2.1 HTTP/1.1" 304 - "http://rpl.smkn1purwokerto.sch.id/assets/css/style.css" "Mozilla/5.0 (Windows NT 6.1; rv:32.0) Gecko/20100101 Firefox/32.0"
114.124.32.254 - - [06/Oct/2014:20:42:16 +0700] "GET /user/data/aktif HTTP/1.1" 200 16590 "http://rpl.smkn1purwokerto.sch.id/home" "Mozilla/5.0 (Windows NT 6.1; rv:32.0) Gecko/20100101 Firefox/32.0"
114.124.32.254 - - [06/Oct/2014:20:42:21 +0700] "GET /user/data/semua HTTP/1.1" 200 16590 "http://rpl.smkn1purwokerto.sch.id/user/data/aktif" "Mozilla/5.0 (Windows NT 6.1; rv:32.0) Gecko/20100101 Firefox/32.0"
114.124.32.254 - - [06/Oct/2014:20:42:24 +0700] "GET /profil/edit HTTP/1.1" 200 23665 "http://rpl.smkn1purwokerto.sch.id/user/data/semua" "Mozilla/5.0 (Windows NT 6.1; rv:32.0) Gecko/20100101 Firefox/32.0"
36.73.16.116 - - [06/Oct/2014:20:43:16 +0700] "GET /auth/login HTTP/1.1" 200 8947 "-" "Mozilla/5.0 (Linux; Android 4.1.2; EG98 Build/JZO54K) AppleWebKit/537.36 (KHTML, like Gecko) Chrome/27.0.1453.90 Mobile Safari/537.36"
36.73.16.116 - - [06/Oct/2014:20:43:17 +0700] "GET /assets/css/bootstrap.min.css HTTP/1.1" 304 - "http://rpl.smkn1purwokerto.sch.id/auth/login" "Mozilla/5.0 (Linux; Android 4.1.2; EG98 Build/JZO54K) AppleWebKit/537.36 (KHTML, like Gecko) Chrome/27.0.1453.90 Mobile Safari/537.36"
36.73.16.116 - - [06/Oct/2014:20:43:17 +0700] "GET /assets/css/bootstrap-responsive.min.css HTTP/1.1" 304 - "http://rpl.smkn1purwokerto.sch.id/auth/login" "Mozilla/5.0 (Linux; Android 4.1.2; EG98 Build/JZO54K) AppleWebKit/537.36 (KHTML, like Gecko) Chrome/27.0.1453.90 Mobile Safari/537.36"
36.73.16.116 - - [06/Oct/2014:20:43:17 +0700] "GET /assets/css/plugins/jquery-ui/smoothness/jquery-ui.css HTTP/1.1" 304 - "http://rpl.smkn1purwokerto.sch.id/auth/login" "Mozilla/5.0 (Linux; Android 4.1.2; EG98 Build/JZO54K) AppleWebKit/537.36 (KHTML, like Gecko) Chrome/27.0.1453.90 Mobile Safari/537.36"
36.73.16.116 - - [06/Oct/2014:20:43:17 +0700] "GET /assets/css/plugins/jquery-ui/smoothness/jquery.ui.theme.css HTTP/1.1" 304 - "http://rpl.smkn1purwokerto.sch.id/auth/login" "Mozilla/5.0 (Linux; Android 4.1.2; EG98 Build/JZO54K) AppleWebKit/537.36 (KHTML, like Gecko) Chrome/27.0.1453.90 Mobile Safari/537.36"
36.73.16.116 - - [06/Oct/2014:20:43:17 +0700] "GET /assets/css/style.css HTTP/1.1" 304 - "http://rpl.smkn1purwokerto.sch.id/auth/login" "Mozilla/5.0 (Linux; Android 4.1.2; EG98 Build/JZO54K) AppleWebKit/537.36 (KHTML, like Gecko) Chrome/27.0.1453.90 Mobile Safari/537.36"
36.73.16.116 - - [06/Oct/2014:20:43:17 +0700] "GET /assets/css/themes.css HTTP/1.1" 304 - "http://rpl.smkn1purwokerto.sch.id/auth/login" "Mozilla/5.0 (Linux; Android 4.1.2; EG98 Build/JZO54K) AppleWebKit/537.36 (KHTML, like Gecko) Chrome/27.0.1453.90 Mobile Safari/537.36"
36.73.16.116 - - [06/Oct/2014:20:43:17 +0700] "GET /assets/css/plugins/tagsinput/jquery.tagsinput.css HTTP/1.1" 304 - "http://rpl.smkn1purwokerto.sch.id/auth/login" "Mozilla/5.0 (Linux; Android 4.1.2; EG98 Build/JZO54K) AppleWebKit/537.36 (KHTML, like Gecko) Chrome/27.0.1453.90 Mobile Safari/537.36"
36.73.16.116 - - [06/Oct/2014:20:43:17 +0700] "GET /assets/css/plugins/chosen/chosen.css HTTP/1.1" 304 - "http://rpl.smkn1purwokerto.sch.id/auth/login" "Mozilla/5.0 (Linux; Android 4.1.2; EG98 Build/JZO54K) AppleWebKit/537.36 (KHTML, like Gecko) Chrome/27.0.1453.90 Mobile Safari/537.36"
36.73.16.116 - - [06/Oct/2014:20:43:17 +0700] "GET /assets/css/plugins/multiselect/multi-select.css HTTP/1.1" 304 - "http://rpl.smkn1purwokerto.sch.id/auth/login" "Mozilla/5.0 (Linux; Android 4.1.2; EG98 Build/JZO54K) AppleWebKit/537.36 (KHTML, like Gecko) Chrome/27.0.1453.90 Mobile Safari/537.36"
36.73.16.116 - - [06/Oct/2014:20:43:17 +0700] "GET /assets/css/plugins/timepicker/bootstrap-timepicker.min.css HTTP/1.1" 304 - "http://rpl.smkn1purwokerto.sch.id/auth/login" "Mozilla/5.0 (Linux; Android 4.1.2; EG98 Build/JZO54K) AppleWebKit/537.36 (KHTML, like Gecko) Chrome/27.0.1453.90 Mobile Safari/537.36"
36.73.16.116 - - [06/Oct/2014:20:43:18 +0700] "GET /assets/css/plugins/colorpicker/colorpicker.css HTTP/1.1" 304 - "http://rpl.smkn1purwokerto.sch.id/auth/login" "Mozilla/5.0 (Linux; Android 4.1.2; EG98 Build/JZO54K) AppleWebKit/537.36 (KHTML, like Gecko) Chrome/27.0.1453.90 Mobile Safari/537.36"
36.73.16.116 - - [06/Oct/2014:20:43:18 +0700] "GET /assets/css/plugins/datepicker/datepicker.css HTTP/1.1" 304 - "http://rpl.smkn1purwokerto.sch.id/auth/login" "Mozilla/5.0 (Linux; Android 4.1.2; EG98 Build/JZO54K) AppleWebKit/537.36 (KHTML, like Gecko) Chrome/27.0.1453.90 Mobile Safari/537.36"
36.73.16.116 - - [06/Oct/2014:20:43:18 +0700] "GET /assets/css/plugins/daterangepicker/daterangepicker.css HTTP/1.1" 304 - "http://rpl.smkn1purwokerto.sch.id/auth/login" "Mozilla/5.0 (Linux; Android 4.1.2; EG98 Build/JZO54K) AppleWebKit/537.36 (KHTML, like Gecko) Chrome/27.0.1453.90 Mobile Safari/537.36"
36.73.16.116 - - [06/Oct/2014:20:43:18 +0700] "GET /assets/css/plugins/plupload/jquery.plupload.queue.css HTTP/1.1" 304 - "http://rpl.smkn1purwokerto.sch.id/auth/login" "Mozilla/5.0 (Linux; Android 4.1.2; EG98 Build/JZO54K) AppleWebKit/537.36 (KHTML, like Gecko) Chrome/27.0.1453.90 Mobile Safari/537.36"
36.73.16.116 - - [06/Oct/2014:20:43:18 +0700] "GET /assets/css/plugins/select2/select2.css HTTP/1.1" 304 - "http://rpl.smkn1purwokerto.sch.id/auth/login" "Mozilla/5.0 (Linux; Android 4.1.2; EG98 Build/JZO54K) AppleWebKit/537.36 (KHTML, like Gecko) Chrome/27.0.1453.90 Mobile Safari/537.36"
36.73.16.116 - - [06/Oct/2014:20:43:18 +0700] "GET /assets/css/plugins/icheck/all.css HTTP/1.1" 304 - "http://rpl.smkn1purwokerto.sch.id/auth/login" "Mozilla/5.0 (Linux; Android 4.1.2; EG98 Build/JZO54K) AppleWebKit/537.36 (KHTML, like Gecko) Chrome/27.0.1453.90 Mobile Safari/537.36"
36.73.16.116 - - [06/Oct/2014:20:43:18 +0700] "GET /assets/js/jquery.min.js HTTP/1.1" 304 - "http://rpl.smkn1purwokerto.sch.id/auth/login" "Mozilla/5.0 (Linux; Android 4.1.2; EG98 Build/JZO54K) AppleWebKit/537.36 (KHTML, like Gecko) Chrome/27.0.1453.90 Mobile Safari/537.36"
36.73.16.116 - - [06/Oct/2014:20:43:18 +0700] "GET /assets/css/plugins/icheck/minimal/_all.css HTTP/1.1" 304 - "http://rpl.smkn1purwokerto.sch.id/auth/login" "Mozilla/5.0 (Linux; Android 4.1.2; EG98 Build/JZO54K) AppleWebKit/537.36 (KHTML, like Gecko) Chrome/27.0.1453.90 Mobile Safari/537.36"
36.73.16.116 - - [06/Oct/2014:20:43:19 +0700] "GET /assets/css/plugins/icheck/square/_all.css HTTP/1.1" 304 - "http://rpl.smkn1purwokerto.sch.id/auth/login" "Mozilla/5.0 (Linux; Android 4.1.2; EG98 Build/JZO54K) AppleWebKit/537.36 (KHTML, like Gecko) Chrome/27.0.1453.90 Mobile Safari/537.36"
36.73.16.116 - - [06/Oct/2014:20:43:19 +0700] "GET /assets/css/plugins/icheck/flat/_all.css HTTP/1.1" 304 - "http://rpl.smkn1purwokerto.sch.id/auth/login" "Mozilla/5.0 (Linux; Android 4.1.2; EG98 Build/JZO54K) AppleWebKit/537.36 (KHTML, like Gecko) Chrome/27.0.1453.90 Mobile Safari/537.36"
36.73.16.116 - - [06/Oct/2014:20:43:19 +0700] "GET /assets/css/plugins/icheck/line/_all.css HTTP/1.1" 304 - "http://rpl.smkn1purwokerto.sch.id/auth/login" "Mozilla/5.0 (Linux; Android 4.1.2; EG98 Build/JZO54K) AppleWebKit/537.36 (KHTML, like Gecko) Chrome/27.0.1453.90 Mobile Safari/537.36"
36.73.16.116 - - [06/Oct/2014:20:43:19 +0700] "GET /assets/css/plugins/icheck/polaris/polaris.css HTTP/1.1" 304 - "http://rpl.smkn1purwokerto.sch.id/auth/login" "Mozilla/5.0 (Linux; Android 4.1.2; EG98 Build/JZO54K) AppleWebKit/537.36 (KHTML, like Gecko) Chrome/27.0.1453.90 Mobile Safari/537.36"
36.73.16.116 - - [06/Oct/2014:20:43:19 +0700] "GET /assets/css/plugins/icheck/futurico/futurico.css HTTP/1.1" 304 - "http://rpl.smkn1purwokerto.sch.id/auth/login" "Mozilla/5.0 (Linux; Android 4.1.2; EG98 Build/JZO54K) AppleWebKit/537.36 (KHTML, like Gecko) Chrome/27.0.1453.90 Mobile Safari/537.36"
36.73.16.116 - - [06/Oct/2014:20:43:19 +0700] "GET /assets/js/plugins/tiny_mce/tinymce.min.js HTTP/1.1" 304 - "http://rpl.smkn1purwokerto.sch.id/auth/login" "Mozilla/5.0 (Linux; Android 4.1.2; EG98 Build/JZO54K) AppleWebKit/537.36 (KHTML, like Gecko) Chrome/27.0.1453.90 Mobile Safari/537.36"
36.73.16.116 - - [06/Oct/2014:20:43:19 +0700] "GET /assets/js/plugins/nicescroll/jquery.nicescroll.min.js HTTP/1.1" 304 - "http://rpl.smkn1purwokerto.sch.id/auth/login" "Mozilla/5.0 (Linux; Android 4.1.2; EG98 Build/JZO54K) AppleWebKit/537.36 (KHTML, like Gecko) Chrome/27.0.1453.90 Mobile Safari/537.36"
36.73.16.116 - - [06/Oct/2014:20:43:19 +0700] "GET /assets/js/plugins/touchwipe/touchwipe.min.js HTTP/1.1" 304 - "http://rpl.smkn1purwokerto.sch.id/auth/login" "Mozilla/5.0 (Linux; Android 4.1.2; EG98 Build/JZO54K) AppleWebKit/537.36 (KHTML, like Gecko) Chrome/27.0.1453.90 Mobile Safari/537.36"
36.73.16.116 - - [06/Oct/2014:20:43:19 +0700] "GET /assets/js/plugins/imagesLoaded/jquery.imagesloaded.min.js HTTP/1.1" 304 - "http://rpl.smkn1purwokerto.sch.id/auth/login" "Mozilla/5.0 (Linux; Android 4.1.2; EG98 Build/JZO54K) AppleWebKit/537.36 (KHTML, like Gecko) Chrome/27.0.1453.90 Mobile Safari/537.36"
36.73.16.116 - - [06/Oct/2014:20:43:19 +0700] "GET /assets/js/plugins/jquery-ui/jquery.ui.core.min.js HTTP/1.1" 304 - "http://rpl.smkn1purwokerto.sch.id/auth/login" "Mozilla/5.0 (Linux; Android 4.1.2; EG98 Build/JZO54K) AppleWebKit/537.36 (KHTML, like Gecko) Chrome/27.0.1453.90 Mobile Safari/537.36"
36.73.16.116 - - [06/Oct/2014:20:43:19 +0700] "GET /assets/js/plugins/jquery-ui/jquery.ui.widget.min.js HTTP/1.1" 304 - "http://rpl.smkn1purwokerto.sch.id/auth/login" "Mozilla/5.0 (Linux; Android 4.1.2; EG98 Build/JZO54K) AppleWebKit/537.36 (KHTML, like Gecko) Chrome/27.0.1453.90 Mobile Safari/537.36"
36.73.16.116 - - [06/Oct/2014:20:43:19 +0700] "GET /assets/js/plugins/jquery-ui/jquery.ui.mouse.min.js HTTP/1.1" 304 - "http://rpl.smkn1purwokerto.sch.id/auth/login" "Mozilla/5.0 (Linux; Android 4.1.2; EG98 Build/JZO54K) AppleWebKit/537.36 (KHTML, like Gecko) Chrome/27.0.1453.90 Mobile Safari/537.36"
36.73.16.116 - - [06/Oct/2014:20:43:19 +0700] "GET /assets/js/plugins/jquery-ui/jquery.ui.resizable.min.js HTTP/1.1" 304 - "http://rpl.smkn1purwokerto.sch.id/auth/login" "Mozilla/5.0 (Linux; Android 4.1.2; EG98 Build/JZO54K) AppleWebKit/537.36 (KHTML, like Gecko) Chrome/27.0.1453.90 Mobile Safari/537.36"
36.73.16.116 - - [06/Oct/2014:20:43:19 +0700] "GET /assets/js/plugins/jquery-ui/jquery.ui.sortable.min.js HTTP/1.1" 304 - "http://rpl.smkn1purwokerto.sch.id/auth/login" "Mozilla/5.0 (Linux; Android 4.1.2; EG98 Build/JZO54K) AppleWebKit/537.36 (KHTML, like Gecko) Chrome/27.0.1453.90 Mobile Safari/537.36"
36.73.16.116 - - [06/Oct/2014:20:43:19 +0700] "GET /assets/js/plugins/slimscroll/jquery.slimscroll.min.js HTTP/1.1" 304 - "http://rpl.smkn1purwokerto.sch.id/auth/login" "Mozilla/5.0 (Linux; Android 4.1.2; EG98 Build/JZO54K) AppleWebKit/537.36 (KHTML, like Gecko) Chrome/27.0.1453.90 Mobile Safari/537.36"
36.73.16.116 - - [06/Oct/2014:20:43:19 +0700] "GET /assets/js/bootstrap.min.js HTTP/1.1" 304 - "http://rpl.smkn1purwokerto.sch.id/auth/login" "Mozilla/5.0 (Linux; Android 4.1.2; EG98 Build/JZO54K) AppleWebKit/537.36 (KHTML, like Gecko) Chrome/27.0.1453.90 Mobile Safari/537.36"
36.73.16.116 - - [06/Oct/2014:20:43:19 +0700] "GET /assets/js/plugins/bootbox/jquery.bootbox.js HTTP/1.1" 304 - "http://rpl.smkn1purwokerto.sch.id/auth/login" "Mozilla/5.0 (Linux; Android 4.1.2; EG98 Build/JZO54K) AppleWebKit/537.36 (KHTML, like Gecko) Chrome/27.0.1453.90 Mobile Safari/537.36"
36.73.16.116 - - [06/Oct/2014:20:43:20 +0700] "GET /assets/js/plugins/form/jquery.form.min.js HTTP/1.1" 304 - "http://rpl.smkn1purwokerto.sch.id/auth/login" "Mozilla/5.0 (Linux; Android 4.1.2; EG98 Build/JZO54K) AppleWebKit/537.36 (KHTML, like Gecko) Chrome/27.0.1453.90 Mobile Safari/537.36"
36.73.16.116 - - [06/Oct/2014:20:43:20 +0700] "GET /assets/js/plugins/validation/jquery.validate.min.js HTTP/1.1" 304 - "http://rpl.smkn1purwokerto.sch.id/auth/login" "Mozilla/5.0 (Linux; Android 4.1.2; EG98 Build/JZO54K) AppleWebKit/537.36 (KHTML, like Gecko) Chrome/27.0.1453.90 Mobile Safari/537.36"
36.73.16.116 - - [06/Oct/2014:20:43:20 +0700] "GET /assets/js/plugins/validation/additional-methods.min.js HTTP/1.1" 304 - "http://rpl.smkn1purwokerto.sch.id/auth/login" "Mozilla/5.0 (Linux; Android 4.1.2; EG98 Build/JZO54K) AppleWebKit/537.36 (KHTML, like Gecko) Chrome/27.0.1453.90 Mobile Safari/537.36"
36.73.16.116 - - [06/Oct/2014:20:43:20 +0700] "GET /assets/js/eakroko.min.js HTTP/1.1" 304 - "http://rpl.smkn1purwokerto.sch.id/auth/login" "Mozilla/5.0 (Linux; Android 4.1.2; EG98 Build/JZO54K) AppleWebKit/537.36 (KHTML, like Gecko) Chrome/27.0.1453.90 Mobile Safari/537.36"
36.73.16.116 - - [06/Oct/2014:20:43:20 +0700] "GET /assets/js/application.min.js HTTP/1.1" 304 - "http://rpl.smkn1purwokerto.sch.id/auth/login" "Mozilla/5.0 (Linux; Android 4.1.2; EG98 Build/JZO54K) AppleWebKit/537.36 (KHTML, like Gecko) Chrome/27.0.1453.90 Mobile Safari/537.36"
36.73.16.116 - - [06/Oct/2014:20:43:20 +0700] "GET /assets/js/demonstration.min.js HTTP/1.1" 304 - "http://rpl.smkn1purwokerto.sch.id/auth/login" "Mozilla/5.0 (Linux; Android 4.1.2; EG98 Build/JZO54K) AppleWebKit/537.36 (KHTML, like Gecko) Chrome/27.0.1453.90 Mobile Safari/537.36"
36.73.16.116 - - [06/Oct/2014:20:43:20 +0700] "GET /assets/js/plugins/tagsinput/jquery.tagsinput.min.js HTTP/1.1" 304 - "http://rpl.smkn1purwokerto.sch.id/auth/login" "Mozilla/5.0 (Linux; Android 4.1.2; EG98 Build/JZO54K) AppleWebKit/537.36 (KHTML, like Gecko) Chrome/27.0.1453.90 Mobile Safari/537.36"
36.73.16.116 - - [06/Oct/2014:20:43:20 +0700] "GET /assets/js/plugins/maskedinput/jquery.maskedinput.min.js HTTP/1.1" 304 - "http://rpl.smkn1purwokerto.sch.id/auth/login" "Mozilla/5.0 (Linux; Android 4.1.2; EG98 Build/JZO54K) AppleWebKit/537.36 (KHTML, like Gecko) Chrome/27.0.1453.90 Mobile Safari/537.36"
36.73.16.116 - - [06/Oct/2014:20:43:20 +0700] "GET /assets/js/plugins/datepicker/bootstrap-datepicker.js HTTP/1.1" 304 - "http://rpl.smkn1purwokerto.sch.id/auth/login" "Mozilla/5.0 (Linux; Android 4.1.2; EG98 Build/JZO54K) AppleWebKit/537.36 (KHTML, like Gecko) Chrome/27.0.1453.90 Mobile Safari/537.36"
36.73.16.116 - - [06/Oct/2014:20:43:20 +0700] "GET /assets/js/plugins/daterangepicker/daterangepicker.js HTTP/1.1" 304 - "http://rpl.smkn1purwokerto.sch.id/auth/login" "Mozilla/5.0 (Linux; Android 4.1.2; EG98 Build/JZO54K) AppleWebKit/537.36 (KHTML, like Gecko) Chrome/27.0.1453.90 Mobile Safari/537.36"
